Archive member included to satisfy reference by file (symbol)

/home/pistaw/projects/nrf51822/toolchain/gcc-arm-none-eabi-10.3-2021.10/bin/../lib/gcc/arm-none-eabi/10.3.1/../../../../arm-none-eabi/lib/thumb/v6-m/nofp/libc_nano.a(lib_a-exit.o)
                              /home/pistaw/projects/nrf51822/toolchain/gcc-arm-none-eabi-10.3-2021.10/bin/../lib/gcc/arm-none-eabi/10.3.1/../../../../arm-none-eabi/lib/thumb/v6-m/nofp/crt0.o (exit)
/home/pistaw/projects/nrf51822/toolchain/gcc-arm-none-eabi-10.3-2021.10/bin/../lib/gcc/arm-none-eabi/10.3.1/../../../../arm-none-eabi/lib/thumb/v6-m/nofp/libc_nano.a(lib_a-impure.o)
                              /home/pistaw/projects/nrf51822/toolchain/gcc-arm-none-eabi-10.3-2021.10/bin/../lib/gcc/arm-none-eabi/10.3.1/../../../../arm-none-eabi/lib/thumb/v6-m/nofp/libc_nano.a(lib_a-exit.o) (_global_impure_ptr)
/home/pistaw/projects/nrf51822/toolchain/gcc-arm-none-eabi-10.3-2021.10/bin/../lib/gcc/arm-none-eabi/10.3.1/../../../../arm-none-eabi/lib/thumb/v6-m/nofp/libc_nano.a(lib_a-init.o)
                              /home/pistaw/projects/nrf51822/toolchain/gcc-arm-none-eabi-10.3-2021.10/bin/../lib/gcc/arm-none-eabi/10.3.1/../../../../arm-none-eabi/lib/thumb/v6-m/nofp/crt0.o (__libc_init_array)
/home/pistaw/projects/nrf51822/toolchain/gcc-arm-none-eabi-10.3-2021.10/bin/../lib/gcc/arm-none-eabi/10.3.1/../../../../arm-none-eabi/lib/thumb/v6-m/nofp/libc_nano.a(lib_a-memset.o)
                              /home/pistaw/projects/nrf51822/toolchain/gcc-arm-none-eabi-10.3-2021.10/bin/../lib/gcc/arm-none-eabi/10.3.1/../../../../arm-none-eabi/lib/thumb/v6-m/nofp/crt0.o (memset)
/home/pistaw/projects/nrf51822/toolchain/gcc-arm-none-eabi-10.3-2021.10/bin/../lib/gcc/arm-none-eabi/10.3.1/../../../../arm-none-eabi/lib/thumb/v6-m/nofp/libnosys.a(_exit.o)
                              /home/pistaw/projects/nrf51822/toolchain/gcc-arm-none-eabi-10.3-2021.10/bin/../lib/gcc/arm-none-eabi/10.3.1/../../../../arm-none-eabi/lib/thumb/v6-m/nofp/libc_nano.a(lib_a-exit.o) (_exit)
/home/pistaw/projects/nrf51822/toolchain/gcc-arm-none-eabi-10.3-2021.10/bin/../lib/gcc/arm-none-eabi/10.3.1/../../../../arm-none-eabi/lib/thumb/v6-m/nofp/libc_nano.a(lib_a-ctype_.o)
                              _build/nrf51822_xxaa_nrf_log_backend_serial.c.o (_ctype_)
/home/pistaw/projects/nrf51822/toolchain/gcc-arm-none-eabi-10.3-2021.10/bin/../lib/gcc/arm-none-eabi/10.3.1/../../../../arm-none-eabi/lib/thumb/v6-m/nofp/libc_nano.a(lib_a-memcpy-stub.o)
                              _build/nrf51822_xxaa_nrf_log_backend_serial.c.o (memcpy)
/home/pistaw/projects/nrf51822/toolchain/gcc-arm-none-eabi-10.3-2021.10/bin/../lib/gcc/arm-none-eabi/10.3.1/../../../../arm-none-eabi/lib/thumb/v6-m/nofp/libc_nano.a(lib_a-snprintf.o)
                              _build/nrf51822_xxaa_nrf_log_backend_serial.c.o (snprintf)
/home/pistaw/projects/nrf51822/toolchain/gcc-arm-none-eabi-10.3-2021.10/bin/../lib/gcc/arm-none-eabi/10.3.1/../../../../arm-none-eabi/lib/thumb/v6-m/nofp/libc_nano.a(lib_a-strcpy.o)
                              _build/nrf51822_xxaa_SEGGER_RTT.c.o (strcpy)
/home/pistaw/projects/nrf51822/toolchain/gcc-arm-none-eabi-10.3-2021.10/bin/../lib/gcc/arm-none-eabi/10.3.1/../../../../arm-none-eabi/lib/thumb/v6-m/nofp/libc_nano.a(lib_a-strlen.o)
                              _build/nrf51822_xxaa_nrf_log_backend_serial.c.o (strlen)
/home/pistaw/projects/nrf51822/toolchain/gcc-arm-none-eabi-10.3-2021.10/bin/../lib/gcc/arm-none-eabi/10.3.1/../../../../arm-none-eabi/lib/thumb/v6-m/nofp/libc_nano.a(lib_a-nano-svfprintf.o)
                              /home/pistaw/projects/nrf51822/toolchain/gcc-arm-none-eabi-10.3-2021.10/bin/../lib/gcc/arm-none-eabi/10.3.1/../../../../arm-none-eabi/lib/thumb/v6-m/nofp/libc_nano.a(lib_a-snprintf.o) (_svfprintf_r)
/home/pistaw/projects/nrf51822/toolchain/gcc-arm-none-eabi-10.3-2021.10/bin/../lib/gcc/arm-none-eabi/10.3.1/../../../../arm-none-eabi/lib/thumb/v6-m/nofp/libc_nano.a(lib_a-nano-vfprintf_i.o)
                              /home/pistaw/projects/nrf51822/toolchain/gcc-arm-none-eabi-10.3-2021.10/bin/../lib/gcc/arm-none-eabi/10.3.1/../../../../arm-none-eabi/lib/thumb/v6-m/nofp/libc_nano.a(lib_a-nano-svfprintf.o) (_printf_i)
/home/pistaw/projects/nrf51822/toolchain/gcc-arm-none-eabi-10.3-2021.10/bin/../lib/gcc/arm-none-eabi/10.3.1/../../../../arm-none-eabi/lib/thumb/v6-m/nofp/libc_nano.a(lib_a-memchr-stub.o)
                              /home/pistaw/projects/nrf51822/toolchain/gcc-arm-none-eabi-10.3-2021.10/bin/../lib/gcc/arm-none-eabi/10.3.1/../../../../arm-none-eabi/lib/thumb/v6-m/nofp/libc_nano.a(lib_a-nano-svfprintf.o) (memchr)
/home/pistaw/projects/nrf51822/toolchain/gcc-arm-none-eabi-10.3-2021.10/bin/../lib/gcc/arm-none-eabi/10.3.1/../../../../arm-none-eabi/lib/thumb/v6-m/nofp/libc_nano.a(lib_a-memmove.o)
[...]
Memory Configuration

Name             Origin             Length             Attributes
FLASH            0x0000000000000000 0x0000000000040000 xr
RAM              0x0000000020000000 0x0000000000004000 xrw
*default*        0x0000000000000000 0xffffffffffffffff

Linker script and memory map

LOAD /home/pistaw/projects/nrf51822/toolchain/gcc-arm-none-eabi-10.3-2021.10/bin/../lib/gcc/arm-none-eabi/10.3.1/thumb/v6-m/nofp/crti.o
LOAD /home/pistaw/projects/nrf51822/toolchain/gcc-arm-none-eabi-10.3-2021.10/bin/../lib/gcc/arm-none-eabi/10.3.1/thumb/v6-m/nofp/crtbegin.o
LOAD /home/pistaw/projects/nrf51822/toolchain/gcc-arm-none-eabi-10.3-2021.10/bin/../lib/gcc/arm-none-eabi/10.3.1/../../../../arm-none-eabi/lib/thumb/v6-m/nofp/crt0.o
LOAD /home/pistaw/projects/nrf51822/toolchain/gcc-arm-none-eabi-10.3-2021.10/bin/../lib/gcc/arm-none-eabi/10.3.1/../../../../arm-none-eabi/lib/thumb/v6-m/nofp/libc_nano.a
LOAD /home/pistaw/projects/nrf51822/toolchain/gcc-arm-none-eabi-10.3-2021.10/bin/../lib/gcc/arm-none-eabi/10.3.1/../../../../arm-none-eabi/lib/thumb/v6-m/nofp/libnosys.a
LOAD _build/nrf51822_xxaa_nrf_log_backend_serial.c.o
LOAD _build/nrf51822_xxaa_nrf_log_frontend.c.o
LOAD _build/nrf51822_xxaa_app_error.c.o
LOAD _build/nrf51822_xxaa_app_error_weak.c.o
LOAD _build/nrf51822_xxaa_app_timer.c.o
LOAD _build/nrf51822_xxaa_app_util_platform.c.o
LOAD _build/nrf51822_xxaa_hardfault_implementation.c.o
LOAD _build/nrf51822_xxaa_nrf_assert.c.o
LOAD _build/nrf51822_xxaa_sdk_errors.c.o
LOAD _build/nrf51822_xxaa_boards.c.o
LOAD _build/nrf51822_xxaa_nrf_drv_clock.c.o
LOAD _build/nrf51822_xxaa_nrf_drv_common.c.o
LOAD _build/nrf51822_xxaa_nrf_drv_uart.c.o
LOAD _build/nrf51822_xxaa_nrf_nvic.c.o
LOAD _build/nrf51822_xxaa_nrf_soc.c.o
LOAD _build/nrf51822_xxaa_main.c.o
LOAD _build/nrf51822_xxaa_RTT_Syscalls_GCC.c.o
LOAD _build/nrf51822_xxaa_SEGGER_RTT.c.o
LOAD _build/nrf51822_xxaa_SEGGER_RTT_printf.c.o
LOAD _build/nrf51822_xxaa_gcc_startup_nrf51.S.o
LOAD _build/nrf51822_xxaa_system_nrf51.c.o
LOAD /home/pistaw/projects/nrf51822/toolchain/gcc-arm-none-eabi-10.3-2021.10/bin/../lib/gcc/arm-none-eabi/10.3.1/../../../../arm-none-eabi/lib/thumb/v6-m/nofp/libm.a
START GROUP
LOAD /home/pistaw/projects/nrf51822/toolchain/gcc-arm-none-eabi-10.3-2021.10/bin/../lib/gcc/arm-none-eabi/10.3.1/thumb/v6-m/nofp/libgcc.a
LOAD /home/pistaw/projects/nrf51822/toolchain/gcc-arm-none-eabi-10.3-2021.10/bin/../lib/gcc/arm-none-eabi/10.3.1/../../../../arm-none-eabi/lib/thumb/v6-m/nofp/libc_nano.a
END GROUP
START GROUP
LOAD /home/pistaw/projects/nrf51822/toolchain/gcc-arm-none-eabi-10.3-2021.10/bin/../lib/gcc/arm-none-eabi/10.3.1/thumb/v6-m/nofp/libgcc.a
LOAD /home/pistaw/projects/nrf51822/toolchain/gcc-arm-none-eabi-10.3-2021.10/bin/../lib/gcc/arm-none-eabi/10.3.1/../../../../arm-none-eabi/lib/thumb/v6-m/nofp/libc_nano.a
END GROUP
LOAD /home/pistaw/projects/nrf51822/toolchain/gcc-arm-none-eabi-10.3-2021.10/bin/../lib/gcc/arm-none-eabi/10.3.1/thumb/v6-m/nofp/crtend.o
LOAD /home/pistaw/projects/nrf51822/toolchain/gcc-arm-none-eabi-10.3-2021.10/bin/../lib/gcc/arm-none-eabi/10.3.1/thumb/v6-m/nofp/crtn.o
START GROUP
LOAD /home/pistaw/projects/nrf51822/toolchain/gcc-arm-none-eabi-10.3-2021.10/bin/../lib/gcc/arm-none-eabi/10.3.1/thumb/v6-m/nofp/libgcc.a
LOAD /home/pistaw/projects/nrf51822/toolchain/gcc-arm-none-eabi-10.3-2021.10/bin/../lib/gcc/arm-none-eabi/10.3.1/../../../../arm-none-eabi/lib/thumb/v6-m/nofp/libc.a
LOAD /home/pistaw/projects/nrf51822/toolchain/gcc-arm-none-eabi-10.3-2021.10/bin/../lib/gcc/arm-none-eabi/10.3.1/../../../../arm-none-eabi/lib/thumb/v6-m/nofp/libnosys.a
END GROUP

.text           0x0000000000000000     0x2480
 *(.isr_vector)
 .isr_vector    0x0000000000000000       0xc0 _build/nrf51822_xxaa_gcc_startup_nrf51.S.o
                0x0000000000000000                __isr_vector
 *(.text*)
 .text          0x00000000000000c0       0x48 /home/pistaw/projects/nrf51822/toolchain/gcc-arm-none-eabi-10.3-2021.10/bin/../lib/gcc/arm-none-eabi/10.3.1/thumb/v6-m/nofp/crtbegin.o
 .text          0x0000000000000108       0x80 /home/pistaw/projects/nrf51822/toolchain/gcc-arm-none-eabi-10.3-2021.10/bin/../lib/gcc/arm-none-eabi/10.3.1/../../../../arm-none-eabi/lib/thumb/v6-m/nofp/crt0.o
                0x0000000000000108                _stack_init
                0x0000000000000114                _mainCRTStartup
                0x0000000000000114                _start
 .text.exit     0x0000000000000188       0x2c /home/pistaw/projects/nrf51822/toolchain/gcc-arm-none-eabi-10.3-2021.10/bin/../lib/gcc/arm-none-eabi/10.3.1/../../../../arm-none-eabi/lib/thumb/v6-m/nofp/libc_nano.a(lib_a-exit.o)
                0x0000000000000188                exit
 .text.__libc_init_array
                0x00000000000001b4       0x48 /home/pistaw/projects/nrf51822/toolchain/gcc-arm-none-eabi-10.3-2021.10/bin/../lib/gcc/arm-none-eabi/10.3.1/../../../../arm-none-eabi/lib/thumb/v6-m/nofp/libc_nano.a(lib_a-init.o)
                0x00000000000001b4                __libc_init_array
 .text.memset   0x00000000000001fc       0x10 /home/pistaw/projects/nrf51822/toolchain/gcc-arm-none-eabi-10.3-2021.10/bin/../lib/gcc/arm-none-eabi/10.3.1/../../../../arm-none-eabi/lib/thumb/v6-m/nofp/libc_nano.a(lib_a-memset.o)
                0x00000000000001fc                memset
 .text._exit    0x000000000000020c        0x4 /home/pistaw/projects/nrf51822/toolchain/gcc-arm-none-eabi-10.3-2021.10/bin/../lib/gcc/arm-none-eabi/10.3.1/../../../../arm-none-eabi/lib/thumb/v6-m/nofp/libnosys.a(_exit.o)
                0x000000000000020c                _exit
 .text.nrf_log_backend_serial_std_handler
                0x0000000000000210      0x1a8 _build/nrf51822_xxaa_nrf_log_backend_serial.c.o
 .text.nrf_log_backend_serial_hexdump_handler
                0x00000000000003b8      0x378 _build/nrf51822_xxaa_nrf_log_backend_serial.c.o
 .text.nrf_log_backend_init
                0x0000000000000730       0x2c _build/nrf51822_xxaa_nrf_log_backend_serial.c.o
                0x0000000000000730                nrf_log_backend_init
 .text.nrf_log_backend_std_handler_get
                0x000000000000075c        0x8 _build/nrf51822_xxaa_nrf_log_backend_serial.c.o
                0x000000000000075c                nrf_log_backend_std_handler_get
 .text.nrf_log_backend_hexdump_handler_get
                0x0000000000000764        0x8 _build/nrf51822_xxaa_nrf_log_backend_serial.c.o
                0x0000000000000764                nrf_log_backend_hexdump_handler_get
 .text.nrf_log_init
                0x000000000000076c       0x38 _build/nrf51822_xxaa_nrf_log_frontend.c.o
                0x000000000000076c                nrf_log_init
 .text.nrf_log_blocking_backend_set
                0x00000000000007a4        0xc _build/nrf51822_xxaa_nrf_log_frontend.c.o
                0x00000000000007a4                nrf_log_blocking_backend_set
 .text.nrf_log_frontend_std_0
                0x00000000000007b0       0x7c _build/nrf51822_xxaa_nrf_log_frontend.c.o
                0x00000000000007b0                nrf_log_frontend_std_0
 .text.nrf_log_frontend_std_1
                0x000000000000082c       0x90 _build/nrf51822_xxaa_nrf_log_frontend.c.o
                0x000000000000082c                nrf_log_frontend_std_1
 .text.nrf_log_frontend_hexdump
                0x00000000000008bc       0xe8 _build/nrf51822_xxaa_nrf_log_frontend.c.o
                0x00000000000008bc                nrf_log_frontend_hexdump
 .text.nrf_log_frontend_dequeue
                0x00000000000009a4      0x17c _build/nrf51822_xxaa_nrf_log_frontend.c.o
                0x00000000000009a4                nrf_log_frontend_dequeue
 .text.app_error_handler_bare
                0x0000000000000b20       0x20 _build/nrf51822_xxaa_app_error.c.o
                0x0000000000000b20                app_error_handler_bare
 .text.app_error_fault_handler
                0x0000000000000b40       0x1c _build/nrf51822_xxaa_app_error_weak.c.o
                0x0000000000000b40                app_error_fault_handler
 .text.RTC1_IRQHandler
                0x0000000000000b5c       0xdc _build/nrf51822_xxaa_app_timer.c.o
                0x0000000000000b5c                RTC1_IRQHandler
 .text.SWI0_IRQHandler
                0x0000000000000c38      0x540 _build/nrf51822_xxaa_app_timer.c.o
                0x0000000000000c38                SWI0_IRQHandler
 .text.app_util_critical_region_enter
                0x0000000000001178       0x10 _build/nrf51822_xxaa_app_util_platform.c.o
                0x0000000000001178                app_util_critical_region_enter
 .text.app_util_critical_region_exit
                0x0000000000001188       0x14 _build/nrf51822_xxaa_app_util_platform.c.o
                0x0000000000001188                app_util_critical_region_exit
 .text.bsp_board_led_invert
                0x000000000000119c       0x30 _build/nrf51822_xxaa_boards.c.o
                0x000000000000119c                bsp_board_led_invert
 .text.bsp_board_leds_init
                0x00000000000011cc       0x3c _build/nrf51822_xxaa_boards.c.o
                0x00000000000011cc                bsp_board_leds_init
 .text.POWER_CLOCK_IRQHandler
                0x0000000000001208       0x78 _build/nrf51822_xxaa_nrf_drv_clock.c.o
                0x0000000000001208                POWER_CLOCK_IRQHandler
 .text.UART0_IRQHandler
                0x0000000000001280      0x18c _build/nrf51822_xxaa_nrf_drv_uart.c.o
                0x0000000000001280                UART0_IRQHandler
 .text.startup.main
                0x000000000000140c       0xc4 _build/nrf51822_xxaa_main.c.o
                0x000000000000140c                main
 .text.SEGGER_RTT_WriteNoLock
                0x00000000000014d0      0x198 _build/nrf51822_xxaa_SEGGER_RTT.c.o
                0x00000000000014d0                SEGGER_RTT_WriteNoLock
 .text.SEGGER_RTT_Init
                0x0000000000001668       0x64 _build/nrf51822_xxaa_SEGGER_RTT.c.o
                0x0000000000001668                SEGGER_RTT_Init
 .text          0x00000000000016cc       0x4c _build/nrf51822_xxaa_gcc_startup_nrf51.S.o
                0x00000000000016cc                Reset_Handler
                0x000000000000170c                NMI_Handler
                0x000000000000170e                HardFault_Handler
                0x0000000000001710                SVC_Handler
                0x0000000000001712                PendSV_Handler
                0x0000000000001714                SysTick_Handler
                0x0000000000001716                TIMER2_IRQHandler
                0x0000000000001716                SPI0_TWI0_IRQHandler
                0x0000000000001716                RTC0_IRQHandler
                0x0000000000001716                GPIOTE_IRQHandler
                0x0000000000001716                RADIO_IRQHandler
                0x0000000000001716                LPCOMP_IRQHandler
                0x0000000000001716                SWI4_IRQHandler
                0x0000000000001716                TEMP_IRQHandler
                0x0000000000001716                QDEC_IRQHandler
                0x0000000000001716                SWI5_IRQHandler
                0x0000000000001716                TIMER0_IRQHandler
                0x0000000000001716                TIMER1_IRQHandler
                0x0000000000001716                ECB_IRQHandler
                0x0000000000001716                Default_Handler
                0x0000000000001716                ADC_IRQHandler
                0x0000000000001716                SWI3_IRQHandler
                0x0000000000001716                CCM_AAR_IRQHandler
                0x0000000000001716                WDT_IRQHandler
                0x0000000000001716                SWI2_IRQHandler
                0x0000000000001716                RNG_IRQHandler
                0x0000000000001716                SPI1_TWI1_IRQHandler
                0x0000000000001716                SWI1_IRQHandler
 .text.SystemInit
                0x0000000000001718       0xe0 _build/nrf51822_xxaa_system_nrf51.c.o
                0x0000000000001718                SystemInit
 .text.memcpy   0x00000000000017f8       0x12 /home/pistaw/projects/nrf51822/toolchain/gcc-arm-none-eabi-10.3-2021.10/bin/../lib/gcc/arm-none-eabi/10.3.1/../../../../arm-none-eabi/lib/thumb/v6-m/nofp/libc_nano.a(lib_a-memcpy-stub.o)
                0x00000000000017f8                memcpy
 *fill*         0x000000000000180a        0x2 
 .text.snprintf
                0x000000000000180c       0x68 /home/pistaw/projects/nrf51822/toolchain/gcc-arm-none-eabi-10.3-2021.10/bin/../lib/gcc/arm-none-eabi/10.3.1/../../../../arm-none-eabi/lib/thumb/v6-m/nofp/libc_nano.a(lib_a-snprintf.o)
                0x000000000000180c                snprintf
                0x000000000000180c                sniprintf
 .text.strcpy   0x0000000000001874       0x10 /home/pistaw/projects/nrf51822/toolchain/gcc-arm-none-eabi-10.3-2021.10/bin/../lib/gcc/arm-none-eabi/10.3.1/../../../../arm-none-eabi/lib/thumb/v6-m/nofp/libc_nano.a(lib_a-strcpy.o)
                0x0000000000001874                strcpy
 .text          0x0000000000001884        0xe /home/pistaw/projects/nrf51822/toolchain/gcc-arm-none-eabi-10.3-2021.10/bin/../lib/gcc/arm-none-eabi/10.3.1/../../../../arm-none-eabi/lib/thumb/v6-m/nofp/libc_nano.a(lib_a-strlen.o)
                0x0000000000001884                strlen
 *fill*         0x0000000000001892        0x2 
 .text.__ssputs_r
                0x0000000000001894       0xc4 /home/pistaw/projects/nrf51822/toolchain/gcc-arm-none-eabi-10.3-2021.10/bin/../lib/gcc/arm-none-eabi/10.3.1/../../../../arm-none-eabi/lib/thumb/v6-m/nofp/libc_nano.a(lib_a-nano-svfprintf.o)
                0x0000000000001894                __ssputs_r
 .text._svfprintf_r
                0x0000000000001958      0x200 /home/pistaw/projects/nrf51822/toolchain/gcc-arm-none-eabi-10.3-2021.10/bin/../lib/gcc/arm-none-eabi/10.3.1/../../../../arm-none-eabi/lib/thumb/v6-m/nofp/libc_nano.a(lib_a-nano-svfprintf.o)
                0x0000000000001958                _svfprintf_r
                0x0000000000001958                _svfiprintf_r
 .text._printf_common
                0x0000000000001b58       0xde /home/pistaw/projects/nrf51822/toolchain/gcc-arm-none-eabi-10.3-2021.10/bin/../lib/gcc/arm-none-eabi/10.3.1/../../../../arm-none-eabi/lib/thumb/v6-m/nofp/libc_nano.a(lib_a-nano-vfprintf_i.o)
                0x0000000000001b58                _printf_common
 *fill*         0x0000000000001c36        0x2 
 .text._printf_i
                0x0000000000001c38      0x224 /home/pistaw/projects/nrf51822/toolchain/gcc-arm-none-eabi-10.3-2021.10/bin/../lib/gcc/arm-none-eabi/10.3.1/../../../../arm-none-eabi/lib/thumb/v6-m/nofp/libc_nano.a(lib_a-nano-vfprintf_i.o)
                0x0000000000001c38                _printf_i
 .text.memchr   0x0000000000001e5c       0x16 /home/pistaw/projects/nrf51822/toolchain/gcc-arm-none-eabi-10.3-2021.10/bin/../lib/gcc/arm-none-eabi/10.3.1/../../../../arm-none-eabi/lib/thumb/v6-m/nofp/libc_nano.a(lib_a-memchr-stub.o)
                0x0000000000001e5c                memchr
 .text.memmove  0x0000000000001e72       0x26 /home/pistaw/projects/nrf51822/toolchain/gcc-arm-none-eabi-10.3-2021.10/bin/../lib/gcc/arm-none-eabi/10.3.1/../../../../arm-none-eabi/lib/thumb/v6-m/nofp/libc_nano.a(lib_a-memmove.o)
                0x0000000000001e72                memmove
 .text._free_r  0x0000000000001e98       0x94 /home/pistaw/projects/nrf51822/toolchain/gcc-arm-none-eabi-10.3-2021.10/bin/../lib/gcc/arm-none-eabi/10.3.1/../../../../arm-none-eabi/lib/thumb/v6-m/nofp/libc_nano.a(lib_a-nano-freer.o)
                0x0000000000001e98                _free_r
 .text.sbrk_aligned
                0x0000000000001f2c       0x44 /home/pistaw/projects/nrf51822/toolchain/gcc-arm-none-eabi-10.3-2021.10/bin/../lib/gcc/arm-none-eabi/10.3.1/../../../../arm-none-eabi/lib/thumb/v6-m/nofp/libc_nano.a(lib_a-nano-mallocr.o)
 .text._malloc_r
                0x0000000000001f70       0xec /home/pistaw/projects/nrf51822/toolchain/gcc-arm-none-eabi-10.3-2021.10/bin/../lib/gcc/arm-none-eabi/10.3.1/../../../../arm-none-eabi/lib/thumb/v6-m/nofp/libc_nano.a(lib_a-nano-mallocr.o)
                0x0000000000001f70                _malloc_r
 .text._realloc_r
                0x000000000000205c       0x5e /home/pistaw/projects/nrf51822/toolchain/gcc-arm-none-eabi-10.3-2021.10/bin/../lib/gcc/arm-none-eabi/10.3.1/../../../../arm-none-eabi/lib/thumb/v6-m/nofp/libc_nano.a(lib_a-nano-reallocr.o)
                0x000000000000205c                _realloc_r
 *fill*         0x00000000000020ba        0x2 
 .text._sbrk_r  0x00000000000020bc       0x24 /home/pistaw/projects/nrf51822/toolchain/gcc-arm-none-eabi-10.3-2021.10/bin/../lib/gcc/arm-none-eabi/10.3.1/../../../../arm-none-eabi/lib/thumb/v6-m/nofp/libc_nano.a(lib_a-sbrkr.o)
                0x00000000000020bc                _sbrk_r
 .text.__malloc_lock
                0x00000000000020e0       0x10 /home/pistaw/projects/nrf51822/toolchain/gcc-arm-none-eabi-10.3-2021.10/bin/../lib/gcc/arm-none-eabi/10.3.1/../../../../arm-none-eabi/lib/thumb/v6-m/nofp/libc_nano.a(lib_a-mlock.o)
                0x00000000000020e0                __malloc_lock
 .text.__malloc_unlock
                0x00000000000020f0       0x10 /home/pistaw/projects/nrf51822/toolchain/gcc-arm-none-eabi-10.3-2021.10/bin/../lib/gcc/arm-none-eabi/10.3.1/../../../../arm-none-eabi/lib/thumb/v6-m/nofp/libc_nano.a(lib_a-mlock.o)
                0x00000000000020f0                __malloc_unlock
 .text._malloc_usable_size_r
                0x0000000000002100       0x10 /home/pistaw/projects/nrf51822/toolchain/gcc-arm-none-eabi-10.3-2021.10/bin/../lib/gcc/arm-none-eabi/10.3.1/../../../../arm-none-eabi/lib/thumb/v6-m/nofp/libc_nano.a(lib_a-nano-msizer.o)
                0x0000000000002100                _malloc_usable_size_r
 .text.__retarget_lock_acquire_recursive
                0x0000000000002110        0x2 /home/pistaw/projects/nrf51822/toolchain/gcc-arm-none-eabi-10.3-2021.10/bin/../lib/gcc/arm-none-eabi/10.3.1/../../../../arm-none-eabi/lib/thumb/v6-m/nofp/libc_nano.a(lib_a-lock.o)
                0x0000000000002110                __retarget_lock_acquire_recursive
 .text.__retarget_lock_release_recursive
                0x0000000000002112        0x2 /home/pistaw/projects/nrf51822/toolchain/gcc-arm-none-eabi-10.3-2021.10/bin/../lib/gcc/arm-none-eabi/10.3.1/../../../../arm-none-eabi/lib/thumb/v6-m/nofp/libc_nano.a(lib_a-lock.o)
                0x0000000000002112                __retarget_lock_release_recursive
 .text          0x0000000000002114       0x14 /home/pistaw/projects/nrf51822/toolchain/gcc-arm-none-eabi-10.3-2021.10/bin/../lib/gcc/arm-none-eabi/10.3.1/thumb/v6-m/nofp/libgcc.a(_thumb1_case_shi.o)
                0x0000000000002114                __gnu_thumb1_case_shi
 .text          0x0000000000002128      0x114 /home/pistaw/projects/nrf51822/toolchain/gcc-arm-none-eabi-10.3-2021.10/bin/../lib/gcc/arm-none-eabi/10.3.1/thumb/v6-m/nofp/libgcc.a(_udivsi3.o)
                0x0000000000002128                __udivsi3
                0x0000000000002128                __aeabi_uidiv
                0x0000000000002234                __aeabi_uidivmod
 .text          0x000000000000223c        0x4 /home/pistaw/projects/nrf51822/toolchain/gcc-arm-none-eabi-10.3-2021.10/bin/../lib/gcc/arm-none-eabi/10.3.1/thumb/v6-m/nofp/libgcc.a(_dvmd_tls.o)
                0x000000000000223c                __aeabi_ldiv0
                0x000000000000223c                __aeabi_idiv0
 .text._sbrk    0x0000000000002240       0x1c /home/pistaw/projects/nrf51822/toolchain/gcc-arm-none-eabi-10.3-2021.10/bin/../lib/gcc/arm-none-eabi/10.3.1/../../../../arm-none-eabi/lib/thumb/v6-m/nofp/libnosys.a(sbrk.o)
                0x0000000000002240                _sbrk
 *(.init)
 .init          0x000000000000225c        0x4 /home/pistaw/projects/nrf51822/toolchain/gcc-arm-none-eabi-10.3-2021.10/bin/../lib/gcc/arm-none-eabi/10.3.1/thumb/v6-m/nofp/crti.o
                0x000000000000225c                _init
 .init          0x0000000000002260        0x8 /home/pistaw/projects/nrf51822/toolchain/gcc-arm-none-eabi-10.3-2021.10/bin/../lib/gcc/arm-none-eabi/10.3.1/thumb/v6-m/nofp/crtn.o
 *(.fini)
 .fini          0x0000000000002268        0x4 /home/pistaw/projects/nrf51822/toolchain/gcc-arm-none-eabi-10.3-2021.10/bin/../lib/gcc/arm-none-eabi/10.3.1/thumb/v6-m/nofp/crti.o
                0x0000000000002268                _fini
 .fini          0x000000000000226c        0x8 /home/pistaw/projects/nrf51822/toolchain/gcc-arm-none-eabi-10.3-2021.10/bin/../lib/gcc/arm-none-eabi/10.3.1/thumb/v6-m/nofp/crtn.o
 *crtbegin.o(.ctors)
 *crtbegin?.o(.ctors)
 *(EXCLUDE_FILE(*crtend.o *crtend?.o) .ctors)
 *(SORT_BY_NAME(.ctors.*))
 *(.ctors)
 *crtbegin.o(.dtors)
 *crtbegin?.o(.dtors)
 *(EXCLUDE_FILE(*crtend.o *crtend?.o) .dtors)
 *(SORT_BY_NAME(.dtors.*))
 *(.dtors)
 *(.rodata*)
 .rodata._global_impure_ptr
                0x0000000000002274        0x4 /home/pistaw/projects/nrf51822/toolchain/gcc-arm-none-eabi-10.3-2021.10/bin/../lib/gcc/arm-none-eabi/10.3.1/../../../../arm-none-eabi/lib/thumb/v6-m/nofp/libc_nano.a(lib_a-impure.o)
                0x0000000000002274                _global_impure_ptr
 .rodata.nrf_log_backend_serial_std_handler.str1.4
                0x0000000000002278        0x7 _build/nrf51822_xxaa_nrf_log_backend_serial.c.o
 *fill*         0x000000000000227f        0x1 
 .rodata.nrf_log_backend_serial_std_handler
                0x0000000000002280       0x38 _build/nrf51822_xxaa_nrf_log_backend_serial.c.o
 .rodata.nrf_log_frontend_std_0.str1.4
                0x00000000000022b8        0xb _build/nrf51822_xxaa_nrf_log_frontend.c.o
 *fill*         0x00000000000022c3        0x1 
 .rodata.app_error_fault_handler.str1.4
                0x00000000000022c4       0x18 _build/nrf51822_xxaa_app_error_weak.c.o
 .rodata.m_board_led_list
                0x00000000000022dc        0x4 _build/nrf51822_xxaa_boards.c.o
 .rodata.main.str1.4
                0x00000000000022e0       0x4e _build/nrf51822_xxaa_main.c.o
 *fill*         0x000000000000232e        0x2 
 .rodata.SEGGER_RTT_ReadNoLock.str1.4
                0x0000000000002330       0x17 _build/nrf51822_xxaa_SEGGER_RTT.c.o
 .rodata._ctype_
                0x0000000000002347      0x101 /home/pistaw/projects/nrf51822/toolchain/gcc-arm-none-eabi-10.3-2021.10/bin/../lib/gcc/arm-none-eabi/10.3.1/../../../../arm-none-eabi/lib/thumb/v6-m/nofp/libc_nano.a(lib_a-ctype_.o)
                0x0000000000002347                _ctype_
 .rodata._svfprintf_r.str1.1
                0x0000000000002448       0x11 /home/pistaw/projects/nrf51822/toolchain/gcc-arm-none-eabi-10.3-2021.10/bin/../lib/gcc/arm-none-eabi/10.3.1/../../../../arm-none-eabi/lib/thumb/v6-m/nofp/libc_nano.a(lib_a-nano-svfprintf.o)
 .rodata._printf_i.str1.1
                0x0000000000002459       0x22 /home/pistaw/projects/nrf51822/toolchain/gcc-arm-none-eabi-10.3-2021.10/bin/../lib/gcc/arm-none-eabi/10.3.1/../../../../arm-none-eabi/lib/thumb/v6-m/nofp/libc_nano.a(lib_a-nano-vfprintf_i.o)
 *(.eh_frame*)
 *fill*         0x000000000000247b        0x1 
 .eh_frame      0x000000000000247c        0x0 /home/pistaw/projects/nrf51822/toolchain/gcc-arm-none-eabi-10.3-2021.10/bin/../lib/gcc/arm-none-eabi/10.3.1/thumb/v6-m/nofp/crtbegin.o
 .eh_frame      0x000000000000247c        0x4 /home/pistaw/projects/nrf51822/toolchain/gcc-arm-none-eabi-10.3-2021.10/bin/../lib/gcc/arm-none-eabi/10.3.1/thumb/v6-m/nofp/crtend.o

.glue_7         0x0000000000002480        0x0
 .glue_7        0x0000000000002480        0x0 linker stubs

.glue_7t        0x0000000000002480        0x0
 .glue_7t       0x0000000000002480        0x0 linker stubs

.vfp11_veneer   0x0000000000002480        0x0
 .vfp11_veneer  0x0000000000002480        0x0 linker stubs

.v4_bx          0x0000000000002480        0x0
 .v4_bx         0x0000000000002480        0x0 linker stubs

.iplt           0x0000000000002480        0x0
 .iplt          0x0000000000002480        0x0 /home/pistaw/projects/nrf51822/toolchain/gcc-arm-none-eabi-10.3-2021.10/bin/../lib/gcc/arm-none-eabi/10.3.1/thumb/v6-m/nofp/crtbegin.o

.ARM.extab
 *(.ARM.extab* .gnu.linkonce.armextab.*)
                0x0000000000002480                __exidx_start = .

.ARM.exidx      0x0000000000002480        0x8
 *(.ARM.exidx* .gnu.linkonce.armexidx.*)
 .ARM.exidx     0x0000000000002480        0x8 /home/pistaw/projects/nrf51822/toolchain/gcc-arm-none-eabi-10.3-2021.10/bin/../lib/gcc/arm-none-eabi/10.3.1/../../../../arm-none-eabi/lib/thumb/v6-m/nofp/crt0.o
                                         0x10 (size before relaxing)
                0x0000000000002488                __exidx_end = .
                0x0000000000002488                __etext = .

.rel.dyn        0x0000000000002488        0x0
 .rel.iplt      0x0000000000002488        0x0 /home/pistaw/projects/nrf51822/toolchain/gcc-arm-none-eabi-10.3-2021.10/bin/../lib/gcc/arm-none-eabi/10.3.1/thumb/v6-m/nofp/crtbegin.o

.data           0x0000000020000000       0x70 load address 0x0000000000002488
                0x0000000020000000                __data_start__ = .
 *(vtable)
 *(.data*)
 .data._impure_ptr
                0x0000000020000000        0x4 /home/pistaw/projects/nrf51822/toolchain/gcc-arm-none-eabi-10.3-2021.10/bin/../lib/gcc/arm-none-eabi/10.3.1/../../../../arm-none-eabi/lib/thumb/v6-m/nofp/libc_nano.a(lib_a-impure.o)
                0x0000000020000000                _impure_ptr
 .data.impure_data
                0x0000000020000004       0x60 /home/pistaw/projects/nrf51822/toolchain/gcc-arm-none-eabi-10.3-2021.10/bin/../lib/gcc/arm-none-eabi/10.3.1/../../../../arm-none-eabi/lib/thumb/v6-m/nofp/libc_nano.a(lib_a-impure.o)
 .data.SystemCoreClock
                0x0000000020000064        0x4 _build/nrf51822_xxaa_system_nrf51.c.o
                0x0000000020000064                SystemCoreClock
                0x0000000020000068                . = ALIGN (0x4)
                0x0000000020000068                PROVIDE (__preinit_array_start = .)
 *(.preinit_array)
                0x0000000020000068                PROVIDE (__preinit_array_end = .)
                0x0000000020000068                . = ALIGN (0x4)
                0x0000000020000068                PROVIDE (__init_array_start = .)
 *(SORT_BY_NAME(.init_array.*))
 *(.init_array)
 .init_array    0x0000000020000068        0x4 /home/pistaw/projects/nrf51822/toolchain/gcc-arm-none-eabi-10.3-2021.10/bin/../lib/gcc/arm-none-eabi/10.3.1/thumb/v6-m/nofp/crtbegin.o
                0x000000002000006c                PROVIDE (__init_array_end = .)
                0x000000002000006c                . = ALIGN (0x4)
                [!provide]                        PROVIDE (__fini_array_start = .)
 *(SORT_BY_NAME(.fini_array.*))
 *(.fini_array)
 .fini_array    0x000000002000006c        0x4 /home/pistaw/projects/nrf51822/toolchain/gcc-arm-none-eabi-10.3-2021.10/bin/../lib/gcc/arm-none-eabi/10.3.1/thumb/v6-m/nofp/crtbegin.o
                [!provide]                        PROVIDE (__fini_array_end = .)
 *(.jcr*)
                0x0000000020000070                . = ALIGN (0x4)
                0x0000000020000070                __data_end__ = .

.igot.plt       0x0000000020000070        0x0 load address 0x00000000000024f8
 .igot.plt      0x0000000020000070        0x0 /home/pistaw/projects/nrf51822/toolchain/gcc-arm-none-eabi-10.3-2021.10/bin/../lib/gcc/arm-none-eabi/10.3.1/thumb/v6-m/nofp/crtbegin.o

.bss            0x0000000020000070      0x72c load address 0x00000000000024f8
                0x0000000020000070                . = ALIGN (0x4)
                0x0000000020000070                __bss_start__ = .
 *(.bss*)
 .bss           0x0000000020000070       0x1c /home/pistaw/projects/nrf51822/toolchain/gcc-arm-none-eabi-10.3-2021.10/bin/../lib/gcc/arm-none-eabi/10.3.1/thumb/v6-m/nofp/crtbegin.o
 .bss.m_blocking_mode
                0x000000002000008c        0x1 _build/nrf51822_xxaa_nrf_log_backend_serial.c.o
 .bss.m_initialized
                0x000000002000008d        0x1 _build/nrf51822_xxaa_nrf_log_backend_serial.c.o
 *fill*         0x000000002000008e        0x2 
 .bss.m_log_data
                0x0000000020000090      0x418 _build/nrf51822_xxaa_nrf_log_frontend.c.o
 .bss.m_evt_schedule_func
                0x00000000200004a8        0x4 _build/nrf51822_xxaa_app_timer.c.o
 .bss.m_op_queue
                0x00000000200004ac        0x8 _build/nrf51822_xxaa_app_timer.c.o
 .bss.m_rtc1_reset
                0x00000000200004b4        0x1 _build/nrf51822_xxaa_app_timer.c.o
 .bss.m_rtc1_running
                0x00000000200004b5        0x1 _build/nrf51822_xxaa_app_timer.c.o
 *fill*         0x00000000200004b6        0x2 
 .bss.m_ticks_elapsed
                0x00000000200004b8        0x8 _build/nrf51822_xxaa_app_timer.c.o
 .bss.m_ticks_elapsed_q_read_ind
                0x00000000200004c0        0x1 _build/nrf51822_xxaa_app_timer.c.o
 .bss.m_ticks_elapsed_q_write_ind
                0x00000000200004c1        0x1 _build/nrf51822_xxaa_app_timer.c.o
 *fill*         0x00000000200004c2        0x2 
 .bss.m_ticks_latest
                0x00000000200004c4        0x4 _build/nrf51822_xxaa_app_timer.c.o
 .bss.mp_timer_id_head
                0x00000000200004c8        0x4 _build/nrf51822_xxaa_app_timer.c.o
 .bss.m_in_critical_region
                0x00000000200004cc        0x4 _build/nrf51822_xxaa_app_util_platform.c.o
 .bss.m_clock_cb
                0x00000000200004d0       0x14 _build/nrf51822_xxaa_nrf_drv_clock.c.o
 .bss.m_cb      0x00000000200004e4       0x1c _build/nrf51822_xxaa_nrf_drv_uart.c.o
 .bss._SEGGER_RTT
                0x0000000020000500       0x78 _build/nrf51822_xxaa_SEGGER_RTT.c.o
                0x0000000020000500                _SEGGER_RTT
 .bss._acDownBuffer
                0x0000000020000578       0x10 _build/nrf51822_xxaa_SEGGER_RTT.c.o
 .bss._acUpBuffer
                0x0000000020000588      0x200 _build/nrf51822_xxaa_SEGGER_RTT.c.o
 .bss.__malloc_free_list
                0x0000000020000788        0x4 /home/pistaw/projects/nrf51822/toolchain/gcc-arm-none-eabi-10.3-2021.10/bin/../lib/gcc/arm-none-eabi/10.3.1/../../../../arm-none-eabi/lib/thumb/v6-m/nofp/libc_nano.a(lib_a-nano-mallocr.o)
                0x0000000020000788                __malloc_free_list
 .bss.__malloc_sbrk_start
                0x000000002000078c        0x4 /home/pistaw/projects/nrf51822/toolchain/gcc-arm-none-eabi-10.3-2021.10/bin/../lib/gcc/arm-none-eabi/10.3.1/../../../../arm-none-eabi/lib/thumb/v6-m/nofp/libc_nano.a(lib_a-nano-mallocr.o)
                0x000000002000078c                __malloc_sbrk_start
 .bss.errno     0x0000000020000790        0x4 /home/pistaw/projects/nrf51822/toolchain/gcc-arm-none-eabi-10.3-2021.10/bin/../lib/gcc/arm-none-eabi/10.3.1/../../../../arm-none-eabi/lib/thumb/v6-m/nofp/libc_nano.a(lib_a-reent.o)
                0x0000000020000790                errno
 .bss.__lock___malloc_recursive_mutex
                0x0000000020000794        0x1 /home/pistaw/projects/nrf51822/toolchain/gcc-arm-none-eabi-10.3-2021.10/bin/../lib/gcc/arm-none-eabi/10.3.1/../../../../arm-none-eabi/lib/thumb/v6-m/nofp/libc_nano.a(lib_a-lock.o)
                0x0000000020000794                __lock___malloc_recursive_mutex
 *fill*         0x0000000020000795        0x3 
 .bss.heap_end.0
                0x0000000020000798        0x4 /home/pistaw/projects/nrf51822/toolchain/gcc-arm-none-eabi-10.3-2021.10/bin/../lib/gcc/arm-none-eabi/10.3.1/../../../../arm-none-eabi/lib/thumb/v6-m/nofp/libnosys.a(sbrk.o)
 *(COMMON)
                0x000000002000079c                . = ALIGN (0x4)
                0x000000002000079c                __bss_end__ = .

.heap           0x00000000200007a0      0x800
                0x00000000200007a0                __HeapBase = .
                0x00000000200007a0                __end__ = .
                0x00000000200007a0                PROVIDE (end = .)
 *(.heap*)
 .heap          0x00000000200007a0      0x800 _build/nrf51822_xxaa_gcc_startup_nrf51.S.o
                0x0000000020000fa0                __HeapLimit = .

.stack_dummy    0x00000000200007a0      0x800
 *(.stack*)
 .stack         0x00000000200007a0      0x800 _build/nrf51822_xxaa_gcc_startup_nrf51.S.o
                0x0000000020004000                __StackTop = (ORIGIN (RAM) + LENGTH (RAM))
                0x0000000020003800                __StackLimit = (__StackTop - SIZEOF (.stack_dummy))
                0x0000000020004000                PROVIDE (__stack = __StackTop)
                0x0000000000000001                ASSERT ((__StackLimit >= __HeapLimit), region RAM overflowed with stack)
OUTPUT(_build/nrf51822_xxaa.out elf32-littlearm)
LOAD linker stubs

.ARM.attributes
                0x0000000000000000       0x28
 .ARM.attributes
                0x0000000000000000       0x1e /home/pistaw/projects/nrf51822/toolchain/gcc-arm-none-eabi-10.3-2021.10/bin/../lib/gcc/arm-none-eabi/10.3.1/thumb/v6-m/nofp/crti.o
 .ARM.attributes
                0x000000000000001e       0x2c /home/pistaw/projects/nrf51822/toolchain/gcc-arm-none-eabi-10.3-2021.10/bin/../lib/gcc/arm-none-eabi/10.3.1/thumb/v6-m/nofp/crtbegin.o
 .ARM.attributes
                0x000000000000004a       0x1b /home/pistaw/projects/nrf51822/toolchain/gcc-arm-none-eabi-10.3-2021.10/bin/../lib/gcc/arm-none-eabi/10.3.1/../../../../arm-none-eabi/lib/thumb/v6-m/nofp/crt0.o
 .ARM.attributes
                0x0000000000000065       0x2c /home/pistaw/projects/nrf51822/toolchain/gcc-arm-none-eabi-10.3-2021.10/bin/../lib/gcc/arm-none-eabi/10.3.1/../../../../arm-none-eabi/lib/thumb/v6-m/nofp/libc_nano.a(lib_a-exit.o)
 .ARM.attributes
                0x0000000000000091       0x2c /home/pistaw/projects/nrf51822/toolchain/gcc-arm-none-eabi-10.3-2021.10/bin/../lib/gcc/arm-none-eabi/10.3.1/../../../../arm-none-eabi/lib/thumb/v6-m/nofp/libc_nano.a(lib_a-impure.o)
 .ARM.attributes
                0x00000000000000bd       0x2c /home/pistaw/projects/nrf51822/toolchain/gcc-arm-none-eabi-10.3-2021.10/bin/../lib/gcc/arm-none-eabi/10.3.1/../../../../arm-none-eabi/lib/thumb/v6-m/nofp/libc_nano.a(lib_a-init.o)
 .ARM.attributes
                0x00000000000000e9       0x2c /home/pistaw/projects/nrf51822/toolchain/gcc-arm-none-eabi-10.3-2021.10/bin/../lib/gcc/arm-none-eabi/10.3.1/../../../../arm-none-eabi/lib/thumb/v6-m/nofp/libc_nano.a(lib_a-memset.o)
 .ARM.attributes
                0x0000000000000115       0x2c /home/pistaw/projects/nrf51822/toolchain/gcc-arm-none-eabi-10.3-2021.10/bin/../lib/gcc/arm-none-eabi/10.3.1/../../../../arm-none-eabi/lib/thumb/v6-m/nofp/libnosys.a(_exit.o)
 .ARM.attributes
                0x0000000000000141       0x2c _build/nrf51822_xxaa_nrf_log_backend_serial.c.o
 .ARM.attributes
                0x000000000000016d       0x2c _build/nrf51822_xxaa_nrf_log_frontend.c.o
 .ARM.attributes
                0x0000000000000199       0x2c _build/nrf51822_xxaa_app_error.c.o
 .ARM.attributes
                0x00000000000001c5       0x2c _build/nrf51822_xxaa_app_error_weak.c.o
 .ARM.attributes
                0x00000000000001f1       0x2c _build/nrf51822_xxaa_app_timer.c.o
 .ARM.attributes
                0x000000000000021d       0x2c _build/nrf51822_xxaa_app_util_platform.c.o
 .ARM.attributes
                0x0000000000000249       0x2c _build/nrf51822_xxaa_boards.c.o
 .ARM.attributes
                0x0000000000000275       0x2c _build/nrf51822_xxaa_nrf_drv_clock.c.o
 .ARM.attributes
                0x00000000000002a1       0x2c _build/nrf51822_xxaa_nrf_drv_uart.c.o
 .ARM.attributes
                0x00000000000002cd       0x2c _build/nrf51822_xxaa_main.c.o
 .ARM.attributes
                0x00000000000002f9       0x2c _build/nrf51822_xxaa_SEGGER_RTT.c.o
 .ARM.attributes
                0x0000000000000325       0x1b _build/nrf51822_xxaa_gcc_startup_nrf51.S.o
 .ARM.attributes
                0x0000000000000340       0x2c _build/nrf51822_xxaa_system_nrf51.c.o
 .ARM.attributes
                0x000000000000036c       0x2c /home/pistaw/projects/nrf51822/toolchain/gcc-arm-none-eabi-10.3-2021.10/bin/../lib/gcc/arm-none-eabi/10.3.1/../../../../arm-none-eabi/lib/thumb/v6-m/nofp/libc_nano.a(lib_a-ctype_.o)
 .ARM.attributes
                0x0000000000000398       0x2c /home/pistaw/projects/nrf51822/toolchain/gcc-arm-none-eabi-10.3-2021.10/bin/../lib/gcc/arm-none-eabi/10.3.1/../../../../arm-none-eabi/lib/thumb/v6-m/nofp/libc_nano.a(lib_a-memcpy-stub.o)
 .ARM.attributes
                0x00000000000003c4       0x2c /home/pistaw/projects/nrf51822/toolchain/gcc-arm-none-eabi-10.3-2021.10/bin/../lib/gcc/arm-none-eabi/10.3.1/../../../../arm-none-eabi/lib/thumb/v6-m/nofp/libc_nano.a(lib_a-snprintf.o)
 .ARM.attributes
                0x00000000000003f0       0x2c /home/pistaw/projects/nrf51822/toolchain/gcc-arm-none-eabi-10.3-2021.10/bin/../lib/gcc/arm-none-eabi/10.3.1/../../../../arm-none-eabi/lib/thumb/v6-m/nofp/libc_nano.a(lib_a-strcpy.o)
 .ARM.attributes
                0x000000000000041c       0x1c /home/pistaw/projects/nrf51822/toolchain/gcc-arm-none-eabi-10.3-2021.10/bin/../lib/gcc/arm-none-eabi/10.3.1/../../../../arm-none-eabi/lib/thumb/v6-m/nofp/libc_nano.a(lib_a-strlen.o)
 .ARM.attributes
                0x0000000000000438       0x2c /home/pistaw/projects/nrf51822/toolchain/gcc-arm-none-eabi-10.3-2021.10/bin/../lib/gcc/arm-none-eabi/10.3.1/../../../../arm-none-eabi/lib/thumb/v6-m/nofp/libc_nano.a(lib_a-nano-svfprintf.o)
 .ARM.attributes
                0x0000000000000464       0x2c /home/pistaw/projects/nrf51822/toolchain/gcc-arm-none-eabi-10.3-2021.10/bin/../lib/gcc/arm-none-eabi/10.3.1/../../../../arm-none-eabi/lib/thumb/v6-m/nofp/libc_nano.a(lib_a-nano-vfprintf_i.o)
 .ARM.attributes
                0x0000000000000490       0x2c /home/pistaw/projects/nrf51822/toolchain/gcc-arm-none-eabi-10.3-2021.10/bin/../lib/gcc/arm-none-eabi/10.3.1/../../../../arm-none-eabi/lib/thumb/v6-m/nofp/libc_nano.a(lib_a-memchr-stub.o)
 .ARM.attributes
                0x00000000000004bc       0x2c /home/pistaw/projects/nrf51822/toolchain/gcc-arm-none-eabi-10.3-2021.10/bin/../lib/gcc/arm-none-eabi/10.3.1/../../../../arm-none-eabi/lib/thumb/v6-m/nofp/libc_nano.a(lib_a-memmove.o)
 .ARM.attributes
                0x00000000000004e8       0x2c /home/pistaw/projects/nrf51822/toolchain/gcc-arm-none-eabi-10.3-2021.10/bin/../lib/gcc/arm-none-eabi/10.3.1/../../../../arm-none-eabi/lib/thumb/v6-m/nofp/libc_nano.a(lib_a-nano-freer.o)
 .ARM.attributes
                0x0000000000000514       0x2c /home/pistaw/projects/nrf51822/toolchain/gcc-arm-none-eabi-10.3-2021.10/bin/../lib/gcc/arm-none-eabi/10.3.1/../../../../arm-none-eabi/lib/thumb/v6-m/nofp/libc_nano.a(lib_a-nano-mallocr.o)
 .ARM.attributes
                0x0000000000000540       0x2c /home/pistaw/projects/nrf51822/toolchain/gcc-arm-none-eabi-10.3-2021.10/bin/../lib/gcc/arm-none-eabi/10.3.1/../../../../arm-none-eabi/lib/thumb/v6-m/nofp/libc_nano.a(lib_a-nano-reallocr.o)
 .ARM.attributes
                0x000000000000056c       0x2c /home/pistaw/projects/nrf51822/toolchain/gcc-arm-none-eabi-10.3-2021.10/bin/../lib/gcc/arm-none-eabi/10.3.1/../../../../arm-none-eabi/lib/thumb/v6-m/nofp/libc_nano.a(lib_a-sbrkr.o)
 .ARM.attributes
                0x0000000000000598       0x2c /home/pistaw/projects/nrf51822/toolchain/gcc-arm-none-eabi-10.3-2021.10/bin/../lib/gcc/arm-none-eabi/10.3.1/../../../../arm-none-eabi/lib/thumb/v6-m/nofp/libc_nano.a(lib_a-mlock.o)
 .ARM.attributes
                0x00000000000005c4       0x2c /home/pistaw/projects/nrf51822/toolchain/gcc-arm-none-eabi-10.3-2021.10/bin/../lib/gcc/arm-none-eabi/10.3.1/../../../../arm-none-eabi/lib/thumb/v6-m/nofp/libc_nano.a(lib_a-nano-msizer.o)
 .ARM.attributes
                0x00000000000005f0       0x2c /home/pistaw/projects/nrf51822/toolchain/gcc-arm-none-eabi-10.3-2021.10/bin/../lib/gcc/arm-none-eabi/10.3.1/../../../../arm-none-eabi/lib/thumb/v6-m/nofp/libc_nano.a(lib_a-reent.o)
 .ARM.attributes
                0x000000000000061c       0x2c /home/pistaw/projects/nrf51822/toolchain/gcc-arm-none-eabi-10.3-2021.10/bin/../lib/gcc/arm-none-eabi/10.3.1/../../../../arm-none-eabi/lib/thumb/v6-m/nofp/libc_nano.a(lib_a-lock.o)
 .ARM.attributes
                0x0000000000000648       0x1e /home/pistaw/projects/nrf51822/toolchain/gcc-arm-none-eabi-10.3-2021.10/bin/../lib/gcc/arm-none-eabi/10.3.1/thumb/v6-m/nofp/libgcc.a(_thumb1_case_shi.o)
 .ARM.attributes
                0x0000000000000666       0x1e /home/pistaw/projects/nrf51822/toolchain/gcc-arm-none-eabi-10.3-2021.10/bin/../lib/gcc/arm-none-eabi/10.3.1/thumb/v6-m/nofp/libgcc.a(_udivsi3.o)
 .ARM.attributes
                0x0000000000000684       0x1e /home/pistaw/projects/nrf51822/toolchain/gcc-arm-none-eabi-10.3-2021.10/bin/../lib/gcc/arm-none-eabi/10.3.1/thumb/v6-m/nofp/libgcc.a(_dvmd_tls.o)
 .ARM.attributes
                0x00000000000006a2       0x2c /home/pistaw/projects/nrf51822/toolchain/gcc-arm-none-eabi-10.3-2021.10/bin/../lib/gcc/arm-none-eabi/10.3.1/thumb/v6-m/nofp/crtend.o
 .ARM.attributes
                0x00000000000006ce       0x1e /home/pistaw/projects/nrf51822/toolchain/gcc-arm-none-eabi-10.3-2021.10/bin/../lib/gcc/arm-none-eabi/10.3.1/thumb/v6-m/nofp/crtn.o
 .ARM.attributes
                0x00000000000006ec       0x2c /home/pistaw/projects/nrf51822/toolchain/gcc-arm-none-eabi-10.3-2021.10/bin/../lib/gcc/arm-none-eabi/10.3.1/../../../../arm-none-eabi/lib/thumb/v6-m/nofp/libnosys.a(sbrk.o)

.comment        0x0000000000000000       0x49
 .comment       0x0000000000000000       0x49 _build/nrf51822_xxaa_nrf_log_backend_serial.c.o
                                         0x4a (size before relaxing)
 .comment       0x0000000000000049       0x4a _build/nrf51822_xxaa_nrf_log_frontend.c.o
 .comment       0x0000000000000049       0x4a _build/nrf51822_xxaa_app_error.c.o
 .comment       0x0000000000000049       0x4a _build/nrf51822_xxaa_app_error_weak.c.o
 .comment       0x0000000000000049       0x4a _build/nrf51822_xxaa_app_timer.c.o
 .comment       0x0000000000000049       0x4a _build/nrf51822_xxaa_app_util_platform.c.o
 .comment       0x0000000000000049       0x4a _build/nrf51822_xxaa_boards.c.o
 .comment       0x0000000000000049       0x4a _build/nrf51822_xxaa_nrf_drv_clock.c.o
 .comment       0x0000000000000049       0x4a _build/nrf51822_xxaa_nrf_drv_uart.c.o
 .comment       0x0000000000000049       0x4a _build/nrf51822_xxaa_main.c.o
 .comment       0x0000000000000049       0x4a _build/nrf51822_xxaa_SEGGER_RTT.c.o
 .comment       0x0000000000000049       0x4a _build/nrf51822_xxaa_system_nrf51.c.o

.debug_frame    0x0000000000000000      0xff4
 .debug_frame   0x0000000000000000       0x28 /home/pistaw/projects/nrf51822/toolchain/gcc-arm-none-eabi-10.3-2021.10/bin/../lib/gcc/arm-none-eabi/10.3.1/../../../../arm-none-eabi/lib/thumb/v6-m/nofp/libc_nano.a(lib_a-exit.o)
 .debug_frame   0x0000000000000028       0x2c /home/pistaw/projects/nrf51822/toolchain/gcc-arm-none-eabi-10.3-2021.10/bin/../lib/gcc/arm-none-eabi/10.3.1/../../../../arm-none-eabi/lib/thumb/v6-m/nofp/libc_nano.a(lib_a-init.o)
 .debug_frame   0x0000000000000054       0x20 /home/pistaw/projects/nrf51822/toolchain/gcc-arm-none-eabi-10.3-2021.10/bin/../lib/gcc/arm-none-eabi/10.3.1/../../../../arm-none-eabi/lib/thumb/v6-m/nofp/libc_nano.a(lib_a-memset.o)
 .debug_frame   0x0000000000000074       0x20 /home/pistaw/projects/nrf51822/toolchain/gcc-arm-none-eabi-10.3-2021.10/bin/../lib/gcc/arm-none-eabi/10.3.1/../../../../arm-none-eabi/lib/thumb/v6-m/nofp/libnosys.a(_exit.o)
 .debug_frame   0x0000000000000094       0xb8 _build/nrf51822_xxaa_nrf_log_backend_serial.c.o
 .debug_frame   0x000000000000014c      0x238 _build/nrf51822_xxaa_nrf_log_frontend.c.o
 .debug_frame   0x0000000000000384       0x5c _build/nrf51822_xxaa_app_error.c.o
 .debug_frame   0x00000000000003e0       0x28 _build/nrf51822_xxaa_app_error_weak.c.o
 .debug_frame   0x0000000000000408      0x110 _build/nrf51822_xxaa_app_timer.c.o
 .debug_frame   0x0000000000000518       0x50 _build/nrf51822_xxaa_app_util_platform.c.o
 .debug_frame   0x0000000000000568       0xe8 _build/nrf51822_xxaa_boards.c.o
 .debug_frame   0x0000000000000650      0x124 _build/nrf51822_xxaa_nrf_drv_clock.c.o
 .debug_frame   0x0000000000000774      0x14c _build/nrf51822_xxaa_nrf_drv_uart.c.o
 .debug_frame   0x00000000000008c0       0x54 _build/nrf51822_xxaa_main.c.o
 .debug_frame   0x0000000000000914      0x294 _build/nrf51822_xxaa_SEGGER_RTT.c.o
 .debug_frame   0x0000000000000ba8       0x30 _build/nrf51822_xxaa_system_nrf51.c.o
 .debug_frame   0x0000000000000bd8       0x28 /home/pistaw/projects/nrf51822/toolchain/gcc-arm-none-eabi-10.3-2021.10/bin/../lib/gcc/arm-none-eabi/10.3.1/../../../../arm-none-eabi/lib/thumb/v6-m/nofp/libc_nano.a(lib_a-memcpy-stub.o)
 .debug_frame   0x0000000000000c00       0x50 /home/pistaw/projects/nrf51822/toolchain/gcc-arm-none-eabi-10.3-2021.10/bin/../lib/gcc/arm-none-eabi/10.3.1/../../../../arm-none-eabi/lib/thumb/v6-m/nofp/libc_nano.a(lib_a-snprintf.o)
 .debug_frame   0x0000000000000c50       0x20 /home/pistaw/projects/nrf51822/toolchain/gcc-arm-none-eabi-10.3-2021.10/bin/../lib/gcc/arm-none-eabi/10.3.1/../../../../arm-none-eabi/lib/thumb/v6-m/nofp/libc_nano.a(lib_a-strcpy.o)
 .debug_frame   0x0000000000000c70       0x74 /home/pistaw/projects/nrf51822/toolchain/gcc-arm-none-eabi-10.3-2021.10/bin/../lib/gcc/arm-none-eabi/10.3.1/../../../../arm-none-eabi/lib/thumb/v6-m/nofp/libc_nano.a(lib_a-nano-svfprintf.o)
 .debug_frame   0x0000000000000ce4       0x54 /home/pistaw/projects/nrf51822/toolchain/gcc-arm-none-eabi-10.3-2021.10/bin/../lib/gcc/arm-none-eabi/10.3.1/../../../../arm-none-eabi/lib/thumb/v6-m/nofp/libc_nano.a(lib_a-nano-vfprintf_i.o)
 .debug_frame   0x0000000000000d38       0x20 /home/pistaw/projects/nrf51822/toolchain/gcc-arm-none-eabi-10.3-2021.10/bin/../lib/gcc/arm-none-eabi/10.3.1/../../../../arm-none-eabi/lib/thumb/v6-m/nofp/libc_nano.a(lib_a-memchr-stub.o)
 .debug_frame   0x0000000000000d58       0x28 /home/pistaw/projects/nrf51822/toolchain/gcc-arm-none-eabi-10.3-2021.10/bin/../lib/gcc/arm-none-eabi/10.3.1/../../../../arm-none-eabi/lib/thumb/v6-m/nofp/libc_nano.a(lib_a-memmove.o)
 .debug_frame   0x0000000000000d80       0x2c /home/pistaw/projects/nrf51822/toolchain/gcc-arm-none-eabi-10.3-2021.10/bin/../lib/gcc/arm-none-eabi/10.3.1/../../../../arm-none-eabi/lib/thumb/v6-m/nofp/libc_nano.a(lib_a-nano-freer.o)
 .debug_frame   0x0000000000000dac       0x50 /home/pistaw/projects/nrf51822/toolchain/gcc-arm-none-eabi-10.3-2021.10/bin/../lib/gcc/arm-none-eabi/10.3.1/../../../../arm-none-eabi/lib/thumb/v6-m/nofp/libc_nano.a(lib_a-nano-mallocr.o)
 .debug_frame   0x0000000000000dfc       0x34 /home/pistaw/projects/nrf51822/toolchain/gcc-arm-none-eabi-10.3-2021.10/bin/../lib/gcc/arm-none-eabi/10.3.1/../../../../arm-none-eabi/lib/thumb/v6-m/nofp/libc_nano.a(lib_a-nano-reallocr.o)
 .debug_frame   0x0000000000000e30       0x2c /home/pistaw/projects/nrf51822/toolchain/gcc-arm-none-eabi-10.3-2021.10/bin/../lib/gcc/arm-none-eabi/10.3.1/../../../../arm-none-eabi/lib/thumb/v6-m/nofp/libc_nano.a(lib_a-sbrkr.o)
 .debug_frame   0x0000000000000e5c       0x40 /home/pistaw/projects/nrf51822/toolchain/gcc-arm-none-eabi-10.3-2021.10/bin/../lib/gcc/arm-none-eabi/10.3.1/../../../../arm-none-eabi/lib/thumb/v6-m/nofp/libc_nano.a(lib_a-mlock.o)
 .debug_frame   0x0000000000000e9c       0x20 /home/pistaw/projects/nrf51822/toolchain/gcc-arm-none-eabi-10.3-2021.10/bin/../lib/gcc/arm-none-eabi/10.3.1/../../../../arm-none-eabi/lib/thumb/v6-m/nofp/libc_nano.a(lib_a-nano-msizer.o)
 .debug_frame   0x0000000000000ebc       0x48 /home/pistaw/projects/nrf51822/toolchain/gcc-arm-none-eabi-10.3-2021.10/bin/../lib/gcc/arm-none-eabi/10.3.1/../../../../arm-none-eabi/lib/thumb/v6-m/nofp/libc_nano.a(lib_a-reent.o)
 .debug_frame   0x0000000000000f04       0xb0 /home/pistaw/projects/nrf51822/toolchain/gcc-arm-none-eabi-10.3-2021.10/bin/../lib/gcc/arm-none-eabi/10.3.1/../../../../arm-none-eabi/lib/thumb/v6-m/nofp/libc_nano.a(lib_a-lock.o)
 .debug_frame   0x0000000000000fb4       0x20 /home/pistaw/projects/nrf51822/toolchain/gcc-arm-none-eabi-10.3-2021.10/bin/../lib/gcc/arm-none-eabi/10.3.1/thumb/v6-m/nofp/libgcc.a(_udivsi3.o)
 .debug_frame   0x0000000000000fd4       0x20 /home/pistaw/projects/nrf51822/toolchain/gcc-arm-none-eabi-10.3-2021.10/bin/../lib/gcc/arm-none-eabi/10.3.1/../../../../arm-none-eabi/lib/thumb/v6-m/nofp/libnosys.a(sbrk.o)

.debug_info     0x0000000000000000     0xc8a7
 .debug_info    0x0000000000000000      0xb94 _build/nrf51822_xxaa_nrf_log_backend_serial.c.o
 .debug_info    0x0000000000000b94     0x17a5 _build/nrf51822_xxaa_nrf_log_frontend.c.o
 .debug_info    0x0000000000002339      0x359 _build/nrf51822_xxaa_app_error.c.o
 .debug_info    0x0000000000002692      0x139 _build/nrf51822_xxaa_app_error_weak.c.o
 .debug_info    0x00000000000027cb     0x1ed3 _build/nrf51822_xxaa_app_timer.c.o
 .debug_info    0x000000000000469e      0x1cd _build/nrf51822_xxaa_app_util_platform.c.o
 .debug_info    0x000000000000486b      0xd6b _build/nrf51822_xxaa_boards.c.o
 .debug_info    0x00000000000055d6     0x11d9 _build/nrf51822_xxaa_nrf_drv_clock.c.o
 .debug_info    0x00000000000067af     0x32ce _build/nrf51822_xxaa_nrf_drv_uart.c.o
 .debug_info    0x0000000000009a7d      0x2ec _build/nrf51822_xxaa_main.c.o
 .debug_info    0x0000000000009d69     0x2943 _build/nrf51822_xxaa_SEGGER_RTT.c.o
 .debug_info    0x000000000000c6ac      0x1fb _build/nrf51822_xxaa_system_nrf51.c.o

.debug_abbrev   0x0000000000000000     0x1f7d
 .debug_abbrev  0x0000000000000000      0x370 _build/nrf51822_xxaa_nrf_log_backend_serial.c.o
 .debug_abbrev  0x0000000000000370      0x370 _build/nrf51822_xxaa_nrf_log_frontend.c.o
 .debug_abbrev  0x00000000000006e0      0x13b _build/nrf51822_xxaa_app_error.c.o
 .debug_abbrev  0x000000000000081b       0xb7 _build/nrf51822_xxaa_app_error_weak.c.o
 .debug_abbrev  0x00000000000008d2      0x48f _build/nrf51822_xxaa_app_timer.c.o
 .debug_abbrev  0x0000000000000d61      0x109 _build/nrf51822_xxaa_app_util_platform.c.o
 .debug_abbrev  0x0000000000000e6a      0x2aa _build/nrf51822_xxaa_boards.c.o
 .debug_abbrev  0x0000000000001114      0x45d _build/nrf51822_xxaa_nrf_drv_clock.c.o
 .debug_abbrev  0x0000000000001571      0x409 _build/nrf51822_xxaa_nrf_drv_uart.c.o
 .debug_abbrev  0x000000000000197a      0x1b3 _build/nrf51822_xxaa_main.c.o
 .debug_abbrev  0x0000000000001b2d      0x32c _build/nrf51822_xxaa_SEGGER_RTT.c.o
 .debug_abbrev  0x0000000000001e59      0x124 _build/nrf51822_xxaa_system_nrf51.c.o

.debug_loc      0x0000000000000000     0xdb59
 .debug_loc     0x0000000000000000     0x178c _build/nrf51822_xxaa_nrf_log_backend_serial.c.o
 .debug_loc     0x000000000000178c     0x1d5d _build/nrf51822_xxaa_nrf_log_frontend.c.o
 .debug_loc     0x00000000000034e9      0x158 _build/nrf51822_xxaa_app_error.c.o
 .debug_loc     0x0000000000003641       0x6f _build/nrf51822_xxaa_app_error_weak.c.o
 .debug_loc     0x00000000000036b0     0x1624 _build/nrf51822_xxaa_app_timer.c.o
 .debug_loc     0x0000000000004cd4      0xd7b _build/nrf51822_xxaa_boards.c.o
 .debug_loc     0x0000000000005a4f      0x510 _build/nrf51822_xxaa_nrf_drv_clock.c.o
 .debug_loc     0x0000000000005f5f     0x1fe5 _build/nrf51822_xxaa_nrf_drv_uart.c.o
 .debug_loc     0x0000000000007f44       0xad _build/nrf51822_xxaa_main.c.o
 .debug_loc     0x0000000000007ff1     0x5b68 _build/nrf51822_xxaa_SEGGER_RTT.c.o

.debug_aranges  0x0000000000000000      0x428
 .debug_aranges
                0x0000000000000000       0x48 _build/nrf51822_xxaa_nrf_log_backend_serial.c.o
 .debug_aranges
                0x0000000000000048       0x98 _build/nrf51822_xxaa_nrf_log_frontend.c.o
 .debug_aranges
                0x00000000000000e0       0x30 _build/nrf51822_xxaa_app_error.c.o
 .debug_aranges
                0x0000000000000110       0x20 _build/nrf51822_xxaa_app_error_weak.c.o
 .debug_aranges
                0x0000000000000130       0x60 _build/nrf51822_xxaa_app_timer.c.o
 .debug_aranges
                0x0000000000000190       0x38 _build/nrf51822_xxaa_app_util_platform.c.o
 .debug_aranges
                0x00000000000001c8       0x80 _build/nrf51822_xxaa_boards.c.o
 .debug_aranges
                0x0000000000000248       0x80 _build/nrf51822_xxaa_nrf_drv_clock.c.o
 .debug_aranges
                0x00000000000002c8       0x70 _build/nrf51822_xxaa_nrf_drv_uart.c.o
 .debug_aranges
                0x0000000000000338       0x28 _build/nrf51822_xxaa_main.c.o
 .debug_aranges
                0x0000000000000360       0xa0 _build/nrf51822_xxaa_SEGGER_RTT.c.o
 .debug_aranges
                0x0000000000000400       0x28 _build/nrf51822_xxaa_system_nrf51.c.o

.debug_ranges   0x0000000000000000     0x2810
 .debug_ranges  0x0000000000000000      0x1c0 _build/nrf51822_xxaa_nrf_log_backend_serial.c.o
 .debug_ranges  0x00000000000001c0      0x2c8 _build/nrf51822_xxaa_nrf_log_frontend.c.o
 .debug_ranges  0x0000000000000488       0x20 _build/nrf51822_xxaa_app_error.c.o
 .debug_ranges  0x00000000000004a8       0x10 _build/nrf51822_xxaa_app_error_weak.c.o
 .debug_ranges  0x00000000000004b8      0x718 _build/nrf51822_xxaa_app_timer.c.o
 .debug_ranges  0x0000000000000bd0       0x40 _build/nrf51822_xxaa_app_util_platform.c.o
 .debug_ranges  0x0000000000000c10      0x7f8 _build/nrf51822_xxaa_boards.c.o
 .debug_ranges  0x0000000000001408      0x348 _build/nrf51822_xxaa_nrf_drv_clock.c.o
 .debug_ranges  0x0000000000001750      0x960 _build/nrf51822_xxaa_nrf_drv_uart.c.o
 .debug_ranges  0x00000000000020b0       0x70 _build/nrf51822_xxaa_main.c.o
 .debug_ranges  0x0000000000002120      0x688 _build/nrf51822_xxaa_SEGGER_RTT.c.o
 .debug_ranges  0x00000000000027a8       0x68 _build/nrf51822_xxaa_system_nrf51.c.o

.debug_macro    0x0000000000000000     0xcbf9
 .debug_macro   0x0000000000000000      0x2dd _build/nrf51822_xxaa_nrf_log_backend_serial.c.o
 .debug_macro   0x00000000000002dd      0xa54 _build/nrf51822_xxaa_nrf_log_backend_serial.c.o
 .debug_macro   0x0000000000000d31       0x22 _build/nrf51822_xxaa_nrf_log_backend_serial.c.o
 .debug_macro   0x0000000000000d53       0x56 _build/nrf51822_xxaa_nrf_log_backend_serial.c.o
 .debug_macro   0x0000000000000da9       0x51 _build/nrf51822_xxaa_nrf_log_backend_serial.c.o
 .debug_macro   0x0000000000000dfa      0x103 _build/nrf51822_xxaa_nrf_log_backend_serial.c.o
 .debug_macro   0x0000000000000efd       0x6a _build/nrf51822_xxaa_nrf_log_backend_serial.c.o
 .debug_macro   0x0000000000000f67      0x1df _build/nrf51822_xxaa_nrf_log_backend_serial.c.o
 .debug_macro   0x0000000000001146       0x22 _build/nrf51822_xxaa_nrf_log_backend_serial.c.o
 .debug_macro   0x0000000000001168       0x64 _build/nrf51822_xxaa_nrf_log_backend_serial.c.o
 .debug_macro   0x00000000000011cc       0x18 _build/nrf51822_xxaa_nrf_log_backend_serial.c.o
 .debug_macro   0x00000000000011e4       0x35 _build/nrf51822_xxaa_nrf_log_backend_serial.c.o
 .debug_macro   0x0000000000001219       0x34 _build/nrf51822_xxaa_nrf_log_backend_serial.c.o
 .debug_macro   0x000000000000124d      0x16d _build/nrf51822_xxaa_nrf_log_backend_serial.c.o
 .debug_macro   0x00000000000013ba       0x16 _build/nrf51822_xxaa_nrf_log_backend_serial.c.o
 .debug_macro   0x00000000000013d0       0x43 _build/nrf51822_xxaa_nrf_log_backend_serial.c.o
 .debug_macro   0x0000000000001413       0x34 _build/nrf51822_xxaa_nrf_log_backend_serial.c.o
 .debug_macro   0x0000000000001447       0x10 _build/nrf51822_xxaa_nrf_log_backend_serial.c.o
 .debug_macro   0x0000000000001457       0x58 _build/nrf51822_xxaa_nrf_log_backend_serial.c.o
 .debug_macro   0x00000000000014af      0x182 _build/nrf51822_xxaa_nrf_log_backend_serial.c.o
 .debug_macro   0x0000000000001631      0x35d _build/nrf51822_xxaa_nrf_log_backend_serial.c.o
 .debug_macro   0x000000000000198e       0x10 _build/nrf51822_xxaa_nrf_log_backend_serial.c.o
 .debug_macro   0x000000000000199e       0x35 _build/nrf51822_xxaa_nrf_log_backend_serial.c.o
 .debug_macro   0x00000000000019d3      0x319 _build/nrf51822_xxaa_nrf_log_backend_serial.c.o
 .debug_macro   0x0000000000001cec      0x16d _build/nrf51822_xxaa_nrf_log_backend_serial.c.o
 .debug_macro   0x0000000000001e59       0x2e _build/nrf51822_xxaa_nrf_log_backend_serial.c.o
 .debug_macro   0x0000000000001e87       0x22 _build/nrf51822_xxaa_nrf_log_backend_serial.c.o
 .debug_macro   0x0000000000001ea9       0x8e _build/nrf51822_xxaa_nrf_log_backend_serial.c.o
 .debug_macro   0x0000000000001f37       0xa3 _build/nrf51822_xxaa_nrf_log_backend_serial.c.o
 .debug_macro   0x0000000000001fda       0x1c _build/nrf51822_xxaa_nrf_log_backend_serial.c.o
 .debug_macro   0x0000000000001ff6       0x22 _build/nrf51822_xxaa_nrf_log_backend_serial.c.o
 .debug_macro   0x0000000000002018       0x3a _build/nrf51822_xxaa_nrf_log_backend_serial.c.o
 .debug_macro   0x0000000000002052       0x26 _build/nrf51822_xxaa_nrf_log_backend_serial.c.o
 .debug_macro   0x0000000000002078      0x30d _build/nrf51822_xxaa_nrf_log_backend_serial.c.o
 .debug_macro   0x0000000000002385      0x1b6 _build/nrf51822_xxaa_nrf_log_backend_serial.c.o
 .debug_macro   0x000000000000253b     0x6504 _build/nrf51822_xxaa_nrf_log_backend_serial.c.o
 .debug_macro   0x0000000000008a3f      0x97c _build/nrf51822_xxaa_nrf_log_backend_serial.c.o
 .debug_macro   0x00000000000093bb      0x395 _build/nrf51822_xxaa_nrf_log_backend_serial.c.o
 .debug_macro   0x0000000000009750       0x4b _build/nrf51822_xxaa_nrf_log_backend_serial.c.o
 .debug_macro   0x000000000000979b       0x1c _build/nrf51822_xxaa_nrf_log_backend_serial.c.o
 .debug_macro   0x00000000000097b7       0x10 _build/nrf51822_xxaa_nrf_log_backend_serial.c.o
 .debug_macro   0x00000000000097c7       0xbe _build/nrf51822_xxaa_nrf_log_backend_serial.c.o
 .debug_macro   0x0000000000009885       0x16 _build/nrf51822_xxaa_nrf_log_backend_serial.c.o
 .debug_macro   0x000000000000989b      0x129 _build/nrf51822_xxaa_nrf_log_backend_serial.c.o
 .debug_macro   0x00000000000099c4       0x2b _build/nrf51822_xxaa_nrf_log_backend_serial.c.o
 .debug_macro   0x00000000000099ef       0x10 _build/nrf51822_xxaa_nrf_log_backend_serial.c.o
 .debug_macro   0x00000000000099ff       0x72 _build/nrf51822_xxaa_nrf_log_backend_serial.c.o
 .debug_macro   0x0000000000009a71       0x28 _build/nrf51822_xxaa_nrf_log_backend_serial.c.o
 .debug_macro   0x0000000000009a99       0x22 _build/nrf51822_xxaa_nrf_log_backend_serial.c.o
 .debug_macro   0x0000000000009abb       0x52 _build/nrf51822_xxaa_nrf_log_backend_serial.c.o
 .debug_macro   0x0000000000009b0d       0xa2 _build/nrf51822_xxaa_nrf_log_backend_serial.c.o
 .debug_macro   0x0000000000009baf       0x3a _build/nrf51822_xxaa_nrf_log_backend_serial.c.o
 .debug_macro   0x0000000000009be9      0x114 _build/nrf51822_xxaa_nrf_log_backend_serial.c.o
 .debug_macro   0x0000000000009cfd      0x2e6 _build/nrf51822_xxaa_nrf_log_frontend.c.o
 .debug_macro   0x0000000000009fe3       0x22 _build/nrf51822_xxaa_nrf_log_frontend.c.o
 .debug_macro   0x000000000000a005      0x16a _build/nrf51822_xxaa_nrf_log_frontend.c.o
 .debug_macro   0x000000000000a16f       0x5a _build/nrf51822_xxaa_nrf_log_frontend.c.o
 .debug_macro   0x000000000000a1c9       0x2e _build/nrf51822_xxaa_nrf_log_frontend.c.o
 .debug_macro   0x000000000000a1f7      0x2a2 _build/nrf51822_xxaa_app_error.c.o
 .debug_macro   0x000000000000a499       0x34 _build/nrf51822_xxaa_app_error.c.o
 .debug_macro   0x000000000000a4cd       0x22 _build/nrf51822_xxaa_app_error.c.o
 .debug_macro   0x000000000000a4ef       0x16 _build/nrf51822_xxaa_app_error.c.o
 .debug_macro   0x000000000000a505       0x97 _build/nrf51822_xxaa_app_error.c.o
 .debug_macro   0x000000000000a59c       0xf6 _build/nrf51822_xxaa_app_error.c.o
 .debug_macro   0x000000000000a692       0x16 _build/nrf51822_xxaa_app_error.c.o
 .debug_macro   0x000000000000a6a8      0x39b _build/nrf51822_xxaa_app_error.c.o
 .debug_macro   0x000000000000aa43      0x164 _build/nrf51822_xxaa_app_error.c.o
 .debug_macro   0x000000000000aba7       0x16 _build/nrf51822_xxaa_app_error.c.o
 .debug_macro   0x000000000000abbd      0x2a2 _build/nrf51822_xxaa_app_error_weak.c.o
 .debug_macro   0x000000000000ae5f       0x1c _build/nrf51822_xxaa_app_error_weak.c.o
 .debug_macro   0x000000000000ae7b      0x2f1 _build/nrf51822_xxaa_app_timer.c.o
 .debug_macro   0x000000000000b16c       0x36 _build/nrf51822_xxaa_app_timer.c.o
 .debug_macro   0x000000000000b1a2       0x16 _build/nrf51822_xxaa_app_timer.c.o
 .debug_macro   0x000000000000b1b8       0x22 _build/nrf51822_xxaa_app_timer.c.o
 .debug_macro   0x000000000000b1da       0x10 _build/nrf51822_xxaa_app_timer.c.o
 .debug_macro   0x000000000000b1ea      0x223 _build/nrf51822_xxaa_app_util_platform.c.o
 .debug_macro   0x000000000000b40d      0x27b _build/nrf51822_xxaa_boards.c.o
 .debug_macro   0x000000000000b688      0x168 _build/nrf51822_xxaa_boards.c.o
 .debug_macro   0x000000000000b7f0       0x16 _build/nrf51822_xxaa_boards.c.o
 .debug_macro   0x000000000000b806      0x246 _build/nrf51822_xxaa_boards.c.o
 .debug_macro   0x000000000000ba4c      0x115 _build/nrf51822_xxaa_boards.c.o
 .debug_macro   0x000000000000bb61      0x30b _build/nrf51822_xxaa_nrf_drv_clock.c.o
 .debug_macro   0x000000000000be6c       0x10 _build/nrf51822_xxaa_nrf_drv_clock.c.o
 .debug_macro   0x000000000000be7c       0x28 _build/nrf51822_xxaa_nrf_drv_clock.c.o
 .debug_macro   0x000000000000bea4       0x16 _build/nrf51822_xxaa_nrf_drv_clock.c.o
 .debug_macro   0x000000000000beba      0x348 _build/nrf51822_xxaa_nrf_drv_uart.c.o
 .debug_macro   0x000000000000c202       0x10 _build/nrf51822_xxaa_nrf_drv_uart.c.o
 .debug_macro   0x000000000000c212       0x36 _build/nrf51822_xxaa_nrf_drv_uart.c.o
 .debug_macro   0x000000000000c248      0x321 _build/nrf51822_xxaa_main.c.o
 .debug_macro   0x000000000000c569      0x312 _build/nrf51822_xxaa_main.c.o
 .debug_macro   0x000000000000c87b      0x26b _build/nrf51822_xxaa_SEGGER_RTT.c.o
 .debug_macro   0x000000000000cae6       0x34 _build/nrf51822_xxaa_SEGGER_RTT.c.o
 .debug_macro   0x000000000000cb1a       0xdf _build/nrf51822_xxaa_system_nrf51.c.o

.debug_line     0x0000000000000000     0xcefb
 .debug_line    0x0000000000000000     0x11f5 _build/nrf51822_xxaa_nrf_log_backend_serial.c.o
 .debug_line    0x00000000000011f5     0x14e4 _build/nrf51822_xxaa_nrf_log_frontend.c.o
 .debug_line    0x00000000000026d9      0x88a _build/nrf51822_xxaa_app_error.c.o
 .debug_line    0x0000000000002f63      0x783 _build/nrf51822_xxaa_app_error_weak.c.o
 .debug_line    0x00000000000036e6     0x1811 _build/nrf51822_xxaa_app_timer.c.o
 .debug_line    0x0000000000004ef7      0x6e3 _build/nrf51822_xxaa_app_util_platform.c.o
 .debug_line    0x00000000000055da     0x10ae _build/nrf51822_xxaa_boards.c.o
 .debug_line    0x0000000000006688     0x10f7 _build/nrf51822_xxaa_nrf_drv_clock.c.o
 .debug_line    0x000000000000777f     0x1cc2 _build/nrf51822_xxaa_nrf_drv_uart.c.o
 .debug_line    0x0000000000009441      0x9b1 _build/nrf51822_xxaa_main.c.o
 .debug_line    0x0000000000009df2     0x2bf8 _build/nrf51822_xxaa_SEGGER_RTT.c.o
 .debug_line    0x000000000000c9ea      0x511 _build/nrf51822_xxaa_system_nrf51.c.o

.debug_str      0x0000000000000000    0x3a11a
 .debug_str     0x0000000000000000    0x33b15 _build/nrf51822_xxaa_nrf_log_backend_serial.c.o
                                      0x33ded (size before relaxing)
 .debug_str     0x0000000000033b15     0x1cae _build/nrf51822_xxaa_nrf_log_frontend.c.o
                                      0x34b15 (size before relaxing)
 .debug_str     0x00000000000357c3      0x146 _build/nrf51822_xxaa_app_error.c.o
                                      0x34464 (size before relaxing)
 .debug_str     0x0000000000035909       0x86 _build/nrf51822_xxaa_app_error_weak.c.o
                                      0x343ad (size before relaxing)
 .debug_str     0x000000000003598f      0xfa5 _build/nrf51822_xxaa_app_timer.c.o
                                      0x33a7a (size before relaxing)
 .debug_str     0x0000000000036934       0xb0 _build/nrf51822_xxaa_app_util_platform.c.o
                                      0x2f687 (size before relaxing)
 .debug_str     0x00000000000369e4     0x1763 _build/nrf51822_xxaa_boards.c.o
                                      0x30bfe (size before relaxing)
 .debug_str     0x0000000000038147      0xafb _build/nrf51822_xxaa_nrf_drv_clock.c.o
                                      0x35044 (size before relaxing)
 .debug_str     0x0000000000038c42      0xf63 _build/nrf51822_xxaa_nrf_drv_uart.c.o
                                      0x35dcc (size before relaxing)
 .debug_str     0x0000000000039ba5       0x54 _build/nrf51822_xxaa_main.c.o
                                      0x3570f (size before relaxing)
 .debug_str     0x0000000000039bf9      0x3d8 _build/nrf51822_xxaa_SEGGER_RTT.c.o
                                      0x30102 (size before relaxing)
 .debug_str     0x0000000000039fd1      0x149 _build/nrf51822_xxaa_system_nrf51.c.o
                                      0x2a6f5 (size before relaxing)
