Archive member included to satisfy reference by file (symbol)

/home/pistaw/projects/nrf51822/toolchain/gcc-arm-none-eabi-10.3-2021.10/bin/../lib/gcc/arm-none-eabi/10.3.1/../../../../arm-none-eabi/lib/thumb/v6-m/nofp/libc_nano.a(lib_a-exit.o)
                              /home/pistaw/projects/nrf51822/toolchain/gcc-arm-none-eabi-10.3-2021.10/bin/../lib/gcc/arm-none-eabi/10.3.1/../../../../arm-none-eabi/lib/thumb/v6-m/nofp/crt0.o (exit)
/home/pistaw/projects/nrf51822/toolchain/gcc-arm-none-eabi-10.3-2021.10/bin/../lib/gcc/arm-none-eabi/10.3.1/../../../../arm-none-eabi/lib/thumb/v6-m/nofp/libc_nano.a(lib_a-impure.o)
                              /home/pistaw/projects/nrf51822/toolchain/gcc-arm-none-eabi-10.3-2021.10/bin/../lib/gcc/arm-none-eabi/10.3.1/../../../../arm-none-eabi/lib/thumb/v6-m/nofp/libc_nano.a(lib_a-exit.o) (_global_impure_ptr)
/home/pistaw/projects/nrf51822/toolchain/gcc-arm-none-eabi-10.3-2021.10/bin/../lib/gcc/arm-none-eabi/10.3.1/../../../../arm-none-eabi/lib/thumb/v6-m/nofp/libc_nano.a(lib_a-init.o)
                              /home/pistaw/projects/nrf51822/toolchain/gcc-arm-none-eabi-10.3-2021.10/bin/../lib/gcc/arm-none-eabi/10.3.1/../../../../arm-none-eabi/lib/thumb/v6-m/nofp/crt0.o (__libc_init_array)
/home/pistaw/projects/nrf51822/toolchain/gcc-arm-none-eabi-10.3-2021.10/bin/../lib/gcc/arm-none-eabi/10.3.1/../../../../arm-none-eabi/lib/thumb/v6-m/nofp/libc_nano.a(lib_a-memset.o)
                              /home/pistaw/projects/nrf51822/toolchain/gcc-arm-none-eabi-10.3-2021.10/bin/../lib/gcc/arm-none-eabi/10.3.1/../../../../arm-none-eabi/lib/thumb/v6-m/nofp/crt0.o (memset)
/home/pistaw/projects/nrf51822/toolchain/gcc-arm-none-eabi-10.3-2021.10/bin/../lib/gcc/arm-none-eabi/10.3.1/../../../../arm-none-eabi/lib/thumb/v6-m/nofp/libnosys.a(_exit.o)
                              /home/pistaw/projects/nrf51822/toolchain/gcc-arm-none-eabi-10.3-2021.10/bin/../lib/gcc/arm-none-eabi/10.3.1/../../../../arm-none-eabi/lib/thumb/v6-m/nofp/libc_nano.a(lib_a-exit.o) (_exit)
/home/pistaw/projects/nrf51822/toolchain/gcc-arm-none-eabi-10.3-2021.10/bin/../lib/gcc/arm-none-eabi/10.3.1/thumb/v6-m/nofp/libgcc.a(_udivsi3.o)
                              _build/nrf51822_xxaa_main.c.o (__aeabi_uidiv)
/home/pistaw/projects/nrf51822/toolchain/gcc-arm-none-eabi-10.3-2021.10/bin/../lib/gcc/arm-none-eabi/10.3.1/thumb/v6-m/nofp/libgcc.a(_dvmd_tls.o)
                              /home/pistaw/projects/nrf51822/toolchain/gcc-arm-none-eabi-10.3-2021.10/bin/../lib/gcc/arm-none-eabi/10.3.1/thumb/v6-m/nofp/libgcc.a(_udivsi3.o) (__aeabi_idiv0)
/home/pistaw/projects/nrf51822/toolchain/gcc-arm-none-eabi-10.3-2021.10/bin/../lib/gcc/arm-none-eabi/10.3.1/../../../../arm-none-eabi/lib/thumb/v6-m/nofp/libc_nano.a(lib_a-ctype_.o)
                              _build/nrf51822_xxaa_nrf_log_backend_serial.c.o (_ctype_)
/home/pistaw/projects/nrf51822/toolchain/gcc-arm-none-eabi-10.3-2021.10/bin/../lib/gcc/arm-none-eabi/10.3.1/../../../../arm-none-eabi/lib/thumb/v6-m/nofp/libc_nano.a(lib_a-memcpy-stub.o)
                              _build/nrf51822_xxaa_nrf_log_backend_serial.c.o (memcpy)
/home/pistaw/projects/nrf51822/toolchain/gcc-arm-none-eabi-10.3-2021.10/bin/../lib/gcc/arm-none-eabi/10.3.1/../../../../arm-none-eabi/lib/thumb/v6-m/nofp/libc_nano.a(lib_a-snprintf.o)
                              _build/nrf51822_xxaa_nrf_log_backend_serial.c.o (snprintf)
/home/pistaw/projects/nrf51822/toolchain/gcc-arm-none-eabi-10.3-2021.10/bin/../lib/gcc/arm-none-eabi/10.3.1/../../../../arm-none-eabi/lib/thumb/v6-m/nofp/libc_nano.a(lib_a-strcpy.o)
                              _build/nrf51822_xxaa_SEGGER_RTT.c.o (strcpy)
/home/pistaw/projects/nrf51822/toolchain/gcc-arm-none-eabi-10.3-2021.10/bin/../lib/gcc/arm-none-eabi/10.3.1/../../../../arm-none-eabi/lib/thumb/v6-m/nofp/libc_nano.a(lib_a-strlen.o)
                              _build/nrf51822_xxaa_nrf_log_backend_serial.c.o (strlen)
/home/pistaw/projects/nrf51822/toolchain/gcc-arm-none-eabi-10.3-2021.10/bin/../lib/gcc/arm-none-eabi/10.3.1/../../../../arm-none-eabi/lib/thumb/v6-m/nofp/libc_nano.a(lib_a-strncat.o)
                              _build/nrf51822_xxaa_main.c.o (strncat)
/home/pistaw/projects/nrf51822/toolchain/gcc-arm-none-eabi-10.3-2021.10/bin/../lib/gcc/arm-none-eabi/10.3.1/../../../../arm-none-eabi/lib/thumb/v6-m/nofp/libc_nano.a(lib_a-nano-svfprintf.o)
                              /home/pistaw/projects/nrf51822/toolchain/gcc-arm-none-eabi-10.3-2021.10/bin/../lib/gcc/arm-none-eabi/10.3.1/../../../../arm-none-eabi/lib/thumb/v6-m/nofp/libc_nano.a(lib_a-snprintf.o) (_svfprintf_r)
/home/pistaw/projects/nrf51822/toolchain/gcc-arm-none-eabi-10.3-2021.10/bin/../lib/gcc/arm-none-eabi/10.3.1/../../../../arm-none-eabi/lib/thumb/v6-m/nofp/libc_nano.a(lib_a-nano-vfprintf_i.o)
[...]
Memory Configuration

Name             Origin             Length             Attributes
FLASH            0x0000000000000000 0x0000000000040000 xr
RAM              0x0000000020000000 0x0000000000004000 xrw
*default*        0x0000000000000000 0xffffffffffffffff

Linker script and memory map


.text           0x0000000000000000     0x751c
 *(.isr_vector)
 .isr_vector    0x0000000000000000       0xc0 _build/nrf51822_xxaa_gcc_startup_nrf51.S.o
                0x0000000000000000                __isr_vector
 *(.text*)
 .text          0x00000000000000c0       0x48 /home/pistaw/projects/nrf51822/toolchain/gcc-arm-none-eabi-10.3-2021.10/bin/../lib/gcc/arm-none-eabi/10.3.1/thumb/v6-m/nofp/crtbegin.o
 .text          0x0000000000000108       0x80 /home/pistaw/projects/nrf51822/toolchain/gcc-arm-none-eabi-10.3-2021.10/bin/../lib/gcc/arm-none-eabi/10.3.1/../../../../arm-none-eabi/lib/thumb/v6-m/nofp/crt0.o
                0x0000000000000108                _stack_init
                0x0000000000000114                _mainCRTStartup
                0x0000000000000114                _start
 .text.exit     0x0000000000000188       0x2c /home/pistaw/projects/nrf51822/toolchain/gcc-arm-none-eabi-10.3-2021.10/bin/../lib/gcc/arm-none-eabi/10.3.1/../../../../arm-none-eabi/lib/thumb/v6-m/nofp/libc_nano.a(lib_a-exit.o)
                0x0000000000000188                exit
 .text.__libc_init_array
                0x00000000000001b4       0x48 /home/pistaw/projects/nrf51822/toolchain/gcc-arm-none-eabi-10.3-2021.10/bin/../lib/gcc/arm-none-eabi/10.3.1/../../../../arm-none-eabi/lib/thumb/v6-m/nofp/libc_nano.a(lib_a-init.o)
                0x00000000000001b4                __libc_init_array
 .text.memset   0x00000000000001fc       0x10 /home/pistaw/projects/nrf51822/toolchain/gcc-arm-none-eabi-10.3-2021.10/bin/../lib/gcc/arm-none-eabi/10.3.1/../../../../arm-none-eabi/lib/thumb/v6-m/nofp/libc_nano.a(lib_a-memset.o)
                0x00000000000001fc                memset
 .text._exit    0x000000000000020c        0x4 /home/pistaw/projects/nrf51822/toolchain/gcc-arm-none-eabi-10.3-2021.10/bin/../lib/gcc/arm-none-eabi/10.3.1/../../../../arm-none-eabi/lib/thumb/v6-m/nofp/libnosys.a(_exit.o)
                0x000000000000020c                _exit
 .text.nrf_log_backend_serial_std_handler
                0x0000000000000210      0x1a8 _build/nrf51822_xxaa_nrf_log_backend_serial.c.o
 .text.nrf_log_backend_serial_hexdump_handler
                0x00000000000003b8      0x378 _build/nrf51822_xxaa_nrf_log_backend_serial.c.o
 .text.nrf_log_backend_init
                0x0000000000000730       0x2c _build/nrf51822_xxaa_nrf_log_backend_serial.c.o
                0x0000000000000730                nrf_log_backend_init
 .text.nrf_log_backend_std_handler_get
                0x000000000000075c        0x8 _build/nrf51822_xxaa_nrf_log_backend_serial.c.o
                0x000000000000075c                nrf_log_backend_std_handler_get
 .text.nrf_log_backend_hexdump_handler_get
                0x0000000000000764        0x8 _build/nrf51822_xxaa_nrf_log_backend_serial.c.o
                0x0000000000000764                nrf_log_backend_hexdump_handler_get
 .text.nrf_log_init
                0x000000000000076c       0x28 _build/nrf51822_xxaa_nrf_log_frontend.c.o
                0x000000000000076c                nrf_log_init
 .text.nrf_log_frontend_std_0
                0x0000000000000794       0x1c _build/nrf51822_xxaa_nrf_log_frontend.c.o
                0x0000000000000794                nrf_log_frontend_std_0
 .text.nrf_log_frontend_std_1
                0x00000000000007b0       0x20 _build/nrf51822_xxaa_nrf_log_frontend.c.o
                0x00000000000007b0                nrf_log_frontend_std_1
 .text.app_error_handler_bare
                0x00000000000007d0       0x20 _build/nrf51822_xxaa_app_error.c.o
                0x00000000000007d0                app_error_handler_bare
 .text.app_error_fault_handler
                0x00000000000007f0       0x28 _build/nrf51822_xxaa_app_error_weak.c.o
                0x00000000000007f0                app_error_fault_handler
 .text.sdc_pt_sub_data_read
                0x0000000000000818      0x22c _build/nrf51822_xxaa_app_sdcard.c.o
 .text.spi_handler
                0x0000000000000a44      0xc6c _build/nrf51822_xxaa_app_sdcard.c.o
 .text.app_sdc_block_read
                0x00000000000016b0       0xc0 _build/nrf51822_xxaa_app_sdcard.c.o
                0x00000000000016b0                app_sdc_block_read
 .text.app_sdc_block_write
                0x0000000000001770      0x138 _build/nrf51822_xxaa_app_sdcard.c.o
                0x0000000000001770                app_sdc_block_write
 .text.app_sdc_init
                0x00000000000018a8       0xd8 _build/nrf51822_xxaa_app_sdcard.c.o
                0x00000000000018a8                app_sdc_init
 .text.app_sdc_uninit
                0x0000000000001980       0x44 _build/nrf51822_xxaa_app_sdcard.c.o
                0x0000000000001980                app_sdc_uninit
 .text.app_sdc_busy_check
                0x00000000000019c4       0x1c _build/nrf51822_xxaa_app_sdcard.c.o
                0x00000000000019c4                app_sdc_busy_check
 .text.app_sdc_info_get
                0x00000000000019e0       0x14 _build/nrf51822_xxaa_app_sdcard.c.o
                0x00000000000019e0                app_sdc_info_get
 .text.block_dev_sdc_ioctl
                0x00000000000019f4       0x2c _build/nrf51822_xxaa_nrf_block_dev_sdc.c.o
 .text.block_dev_sdc_geometry
                0x0000000000001a20        0x4 _build/nrf51822_xxaa_nrf_block_dev_sdc.c.o
 .text.block_dev_sdc_write_req
                0x0000000000001a24       0x8c _build/nrf51822_xxaa_nrf_block_dev_sdc.c.o
 .text.block_dev_sdc_read_req
                0x0000000000001ab0       0x8c _build/nrf51822_xxaa_nrf_block_dev_sdc.c.o
 .text.block_dev_sdc_uninit
                0x0000000000001b3c       0x58 _build/nrf51822_xxaa_nrf_block_dev_sdc.c.o
 .text.block_dev_sdc_init
                0x0000000000001b94       0x94 _build/nrf51822_xxaa_nrf_block_dev_sdc.c.o
 .text.sdc_handler
                0x0000000000001c28       0x98 _build/nrf51822_xxaa_nrf_block_dev_sdc.c.o
 .text.nrf_drv_common_irq_enable
                0x0000000000001cc0       0x7c _build/nrf51822_xxaa_nrf_drv_common.c.o
                0x0000000000001cc0                nrf_drv_common_irq_enable
 .text.nrf_drv_spi_init
                0x0000000000001d3c      0x18c _build/nrf51822_xxaa_nrf_drv_spi.c.o
                0x0000000000001d3c                nrf_drv_spi_init
 .text.nrf_drv_spi_uninit
                0x0000000000001ec8       0x44 _build/nrf51822_xxaa_nrf_drv_spi.c.o
                0x0000000000001ec8                nrf_drv_spi_uninit
 .text.nrf_drv_spi_transfer
                0x0000000000001f0c      0x168 _build/nrf51822_xxaa_nrf_drv_spi.c.o
                0x0000000000001f0c                nrf_drv_spi_transfer
 .text.SPI0_TWI0_IRQHandler
                0x0000000000002074       0x90 _build/nrf51822_xxaa_nrf_drv_spi.c.o
                0x0000000000002074                SPI0_TWI0_IRQHandler
 .text.SPI1_TWI1_IRQHandler
                0x0000000000002104       0xa8 _build/nrf51822_xxaa_nrf_drv_spi.c.o
                0x0000000000002104                SPI1_TWI1_IRQHandler
 .text.UART0_IRQHandler
                0x00000000000021ac      0x18c _build/nrf51822_xxaa_nrf_drv_uart.c.o
                0x00000000000021ac                UART0_IRQHandler
 .text.spi_event_handler
                0x0000000000002338        0xc _build/nrf51822_xxaa_epaper.c.o
                0x0000000000002338                spi_event_handler
 .text.Epd_SendCommand
                0x0000000000002344       0x58 _build/nrf51822_xxaa_epaper.c.o
                0x0000000000002344                Epd_SendCommand
 .text.Epd_SendData
                0x000000000000239c       0x5c _build/nrf51822_xxaa_epaper.c.o
                0x000000000000239c                Epd_SendData
 .text.Epd_Reset
                0x00000000000023f8       0x84 _build/nrf51822_xxaa_epaper.c.o
                0x00000000000023f8                Epd_Reset
 .text.Epd_Init
                0x000000000000247c      0xf78 _build/nrf51822_xxaa_epaper.c.o
                0x000000000000247c                Epd_Init
 .text.Epd_TurnOnDisplay
                0x00000000000033f4      0x200 _build/nrf51822_xxaa_epaper.c.o
                0x00000000000033f4                Epd_TurnOnDisplay
 .text.Epd_Clear
                0x00000000000035f4       0xe4 _build/nrf51822_xxaa_epaper.c.o
                0x00000000000035f4                Epd_Clear
 .text.Epd_Sleep
                0x00000000000036d8       0xcc _build/nrf51822_xxaa_epaper.c.o
                0x00000000000036d8                Epd_Sleep
 .text.startup.main
                0x00000000000037a4      0x304 _build/nrf51822_xxaa_main.c.o
                0x00000000000037a4                main
 .text.SEGGER_RTT_WriteNoLock
                0x0000000000003aa8      0x198 _build/nrf51822_xxaa_SEGGER_RTT.c.o
                0x0000000000003aa8                SEGGER_RTT_WriteNoLock
 .text.SEGGER_RTT_Init
                0x0000000000003c40       0x64 _build/nrf51822_xxaa_SEGGER_RTT.c.o
                0x0000000000003c40                SEGGER_RTT_Init
 .text.block_dev_handler
                0x0000000000003ca4       0x24 _build/nrf51822_xxaa_diskio_blkdev.c.o
 .text.default_wait_func
                0x0000000000003cc8        0x4 _build/nrf51822_xxaa_diskio_blkdev.c.o
 .text.disk_initialize
                0x0000000000003ccc       0x80 _build/nrf51822_xxaa_diskio_blkdev.c.o
                0x0000000000003ccc                disk_initialize
 .text.disk_status
                0x0000000000003d4c       0x28 _build/nrf51822_xxaa_diskio_blkdev.c.o
                0x0000000000003d4c                disk_status
 .text.disk_read
                0x0000000000003d74       0x80 _build/nrf51822_xxaa_diskio_blkdev.c.o
                0x0000000000003d74                disk_read
 .text.disk_write
                0x0000000000003df4       0x8c _build/nrf51822_xxaa_diskio_blkdev.c.o
                0x0000000000003df4                disk_write
 .text.disk_ioctl
                0x0000000000003e80       0x9c _build/nrf51822_xxaa_diskio_blkdev.c.o
                0x0000000000003e80                disk_ioctl
 .text.diskio_blockdev_register
                0x0000000000003f1c       0x14 _build/nrf51822_xxaa_diskio_blkdev.c.o
                0x0000000000003f1c                diskio_blockdev_register
 .text.get_fileinfo.part.0
                0x0000000000003f30      0x140 _build/nrf51822_xxaa_ff.c.o
 .text.pattern_matching
                0x0000000000004070      0x1b4 _build/nrf51822_xxaa_ff.c.o
 .text.check_fs
                0x0000000000004224       0xb4 _build/nrf51822_xxaa_ff.c.o
 .text.move_window.part.0
                0x00000000000042d8       0x80 _build/nrf51822_xxaa_ff.c.o
 .text.find_volume
                0x0000000000004358      0x478 _build/nrf51822_xxaa_ff.c.o
 .text.put_fat.part.0
                0x00000000000047d0      0x144 _build/nrf51822_xxaa_ff.c.o
 .text.get_fat.isra.0
                0x0000000000004914       0xf4 _build/nrf51822_xxaa_ff.c.o
 .text.dir_read.constprop.0
                0x0000000000004a08      0x170 _build/nrf51822_xxaa_ff.c.o
 .text.sync_fs  0x0000000000004b78      0x168 _build/nrf51822_xxaa_ff.c.o
 .text.create_chain
                0x0000000000004ce0      0x1f4 _build/nrf51822_xxaa_ff.c.o
 .text.dir_sdi.constprop.0
                0x0000000000004ed4      0x18c _build/nrf51822_xxaa_ff.c.o
 .text.follow_path
                0x0000000000005060      0x440 _build/nrf51822_xxaa_ff.c.o
 .text.remove_chain
                0x00000000000054a0      0x1a4 _build/nrf51822_xxaa_ff.c.o
 .text.dir_register
                0x0000000000005644      0x440 _build/nrf51822_xxaa_ff.c.o
 .text.f_mount  0x0000000000005a84       0x70 _build/nrf51822_xxaa_ff.c.o
                0x0000000000005a84                f_mount
 .text.f_open   0x0000000000005af4      0x2f0 _build/nrf51822_xxaa_ff.c.o
                0x0000000000005af4                f_open
 .text.f_read   0x0000000000005de4      0x29c _build/nrf51822_xxaa_ff.c.o
                0x0000000000005de4                f_read
 .text.f_close  0x0000000000006080       0xf0 _build/nrf51822_xxaa_ff.c.o
                0x0000000000006080                f_close
 .text.f_opendir
                0x0000000000006170       0x84 _build/nrf51822_xxaa_ff.c.o
                0x0000000000006170                f_opendir
 .text.f_findnext
                0x00000000000061f4      0x208 _build/nrf51822_xxaa_ff.c.o
                0x00000000000061f4                f_findnext
 .text.f_findfirst
                0x00000000000063fc       0x94 _build/nrf51822_xxaa_ff.c.o
                0x00000000000063fc                f_findfirst
 .text          0x0000000000006490       0x4c _build/nrf51822_xxaa_gcc_startup_nrf51.S.o
                0x0000000000006490                Reset_Handler
                0x00000000000064d0                NMI_Handler
                0x00000000000064d2                HardFault_Handler
                0x00000000000064d4                SVC_Handler
                0x00000000000064d6                PendSV_Handler
                0x00000000000064d8                SysTick_Handler
                0x00000000000064da                TIMER2_IRQHandler
                0x00000000000064da                RTC0_IRQHandler
                0x00000000000064da                GPIOTE_IRQHandler
                0x00000000000064da                POWER_CLOCK_IRQHandler
                0x00000000000064da                RADIO_IRQHandler
                0x00000000000064da                LPCOMP_IRQHandler
                0x00000000000064da                SWI4_IRQHandler
                0x00000000000064da                TEMP_IRQHandler
                0x00000000000064da                QDEC_IRQHandler
                0x00000000000064da                SWI5_IRQHandler
                0x00000000000064da                TIMER0_IRQHandler
                0x00000000000064da                SWI0_IRQHandler
                0x00000000000064da                TIMER1_IRQHandler
                0x00000000000064da                ECB_IRQHandler
                0x00000000000064da                Default_Handler
                0x00000000000064da                ADC_IRQHandler
                0x00000000000064da                SWI3_IRQHandler
                0x00000000000064da                CCM_AAR_IRQHandler
                0x00000000000064da                WDT_IRQHandler
                0x00000000000064da                SWI2_IRQHandler
                0x00000000000064da                RNG_IRQHandler
                0x00000000000064da                RTC1_IRQHandler
                0x00000000000064da                SWI1_IRQHandler
 .text.SystemInit
                0x00000000000064dc       0xe0 _build/nrf51822_xxaa_system_nrf51.c.o
                0x00000000000064dc                SystemInit
 .text          0x00000000000065bc      0x114 /home/pistaw/projects/nrf51822/toolchain/gcc-arm-none-eabi-10.3-2021.10/bin/../lib/gcc/arm-none-eabi/10.3.1/thumb/v6-m/nofp/libgcc.a(_udivsi3.o)
                0x00000000000065bc                __udivsi3
                0x00000000000065bc                __aeabi_uidiv
                0x00000000000066c8                __aeabi_uidivmod
 .text          0x00000000000066d0        0x4 /home/pistaw/projects/nrf51822/toolchain/gcc-arm-none-eabi-10.3-2021.10/bin/../lib/gcc/arm-none-eabi/10.3.1/thumb/v6-m/nofp/libgcc.a(_dvmd_tls.o)
                0x00000000000066d0                __aeabi_ldiv0
                0x00000000000066d0                __aeabi_idiv0
 .text.memcpy   0x00000000000066d4       0x12 /home/pistaw/projects/nrf51822/toolchain/gcc-arm-none-eabi-10.3-2021.10/bin/../lib/gcc/arm-none-eabi/10.3.1/../../../../arm-none-eabi/lib/thumb/v6-m/nofp/libc_nano.a(lib_a-memcpy-stub.o)
                0x00000000000066d4                memcpy
 *fill*         0x00000000000066e6        0x2 
 .text.snprintf
                0x00000000000066e8       0x68 /home/pistaw/projects/nrf51822/toolchain/gcc-arm-none-eabi-10.3-2021.10/bin/../lib/gcc/arm-none-eabi/10.3.1/../../../../arm-none-eabi/lib/thumb/v6-m/nofp/libc_nano.a(lib_a-snprintf.o)
                0x00000000000066e8                snprintf
                0x00000000000066e8                sniprintf
 .text.strcpy   0x0000000000006750       0x10 /home/pistaw/projects/nrf51822/toolchain/gcc-arm-none-eabi-10.3-2021.10/bin/../lib/gcc/arm-none-eabi/10.3.1/../../../../arm-none-eabi/lib/thumb/v6-m/nofp/libc_nano.a(lib_a-strcpy.o)
                0x0000000000006750                strcpy
 .text          0x0000000000006760        0xe /home/pistaw/projects/nrf51822/toolchain/gcc-arm-none-eabi-10.3-2021.10/bin/../lib/gcc/arm-none-eabi/10.3.1/../../../../arm-none-eabi/lib/thumb/v6-m/nofp/libc_nano.a(lib_a-strlen.o)
                0x0000000000006760                strlen
 .text.strncat  0x000000000000676e       0x2a /home/pistaw/projects/nrf51822/toolchain/gcc-arm-none-eabi-10.3-2021.10/bin/../lib/gcc/arm-none-eabi/10.3.1/../../../../arm-none-eabi/lib/thumb/v6-m/nofp/libc_nano.a(lib_a-strncat.o)
                0x000000000000676e                strncat
 .text.__ssputs_r
                0x0000000000006798       0xc4 /home/pistaw/projects/nrf51822/toolchain/gcc-arm-none-eabi-10.3-2021.10/bin/../lib/gcc/arm-none-eabi/10.3.1/../../../../arm-none-eabi/lib/thumb/v6-m/nofp/libc_nano.a(lib_a-nano-svfprintf.o)
                0x0000000000006798                __ssputs_r
 .text._svfprintf_r
                0x000000000000685c      0x200 /home/pistaw/projects/nrf51822/toolchain/gcc-arm-none-eabi-10.3-2021.10/bin/../lib/gcc/arm-none-eabi/10.3.1/../../../../arm-none-eabi/lib/thumb/v6-m/nofp/libc_nano.a(lib_a-nano-svfprintf.o)
                0x000000000000685c                _svfprintf_r
                0x000000000000685c                _svfiprintf_r
 .text._printf_common
                0x0000000000006a5c       0xde /home/pistaw/projects/nrf51822/toolchain/gcc-arm-none-eabi-10.3-2021.10/bin/../lib/gcc/arm-none-eabi/10.3.1/../../../../arm-none-eabi/lib/thumb/v6-m/nofp/libc_nano.a(lib_a-nano-vfprintf_i.o)
                0x0000000000006a5c                _printf_common
 *fill*         0x0000000000006b3a        0x2 
 .text._printf_i
                0x0000000000006b3c      0x224 /home/pistaw/projects/nrf51822/toolchain/gcc-arm-none-eabi-10.3-2021.10/bin/../lib/gcc/arm-none-eabi/10.3.1/../../../../arm-none-eabi/lib/thumb/v6-m/nofp/libc_nano.a(lib_a-nano-vfprintf_i.o)
                0x0000000000006b3c                _printf_i
 .text.memchr   0x0000000000006d60       0x16 /home/pistaw/projects/nrf51822/toolchain/gcc-arm-none-eabi-10.3-2021.10/bin/../lib/gcc/arm-none-eabi/10.3.1/../../../../arm-none-eabi/lib/thumb/v6-m/nofp/libc_nano.a(lib_a-memchr-stub.o)
                0x0000000000006d60                memchr
 .text.memmove  0x0000000000006d76       0x26 /home/pistaw/projects/nrf51822/toolchain/gcc-arm-none-eabi-10.3-2021.10/bin/../lib/gcc/arm-none-eabi/10.3.1/../../../../arm-none-eabi/lib/thumb/v6-m/nofp/libc_nano.a(lib_a-memmove.o)
                0x0000000000006d76                memmove
 .text._free_r  0x0000000000006d9c       0x94 /home/pistaw/projects/nrf51822/toolchain/gcc-arm-none-eabi-10.3-2021.10/bin/../lib/gcc/arm-none-eabi/10.3.1/../../../../arm-none-eabi/lib/thumb/v6-m/nofp/libc_nano.a(lib_a-nano-freer.o)
                0x0000000000006d9c                _free_r
 .text.sbrk_aligned
                0x0000000000006e30       0x44 /home/pistaw/projects/nrf51822/toolchain/gcc-arm-none-eabi-10.3-2021.10/bin/../lib/gcc/arm-none-eabi/10.3.1/../../../../arm-none-eabi/lib/thumb/v6-m/nofp/libc_nano.a(lib_a-nano-mallocr.o)
 .text._malloc_r
                0x0000000000006e74       0xec /home/pistaw/projects/nrf51822/toolchain/gcc-arm-none-eabi-10.3-2021.10/bin/../lib/gcc/arm-none-eabi/10.3.1/../../../../arm-none-eabi/lib/thumb/v6-m/nofp/libc_nano.a(lib_a-nano-mallocr.o)
                0x0000000000006e74                _malloc_r
 .text._realloc_r
                0x0000000000006f60       0x5e /home/pistaw/projects/nrf51822/toolchain/gcc-arm-none-eabi-10.3-2021.10/bin/../lib/gcc/arm-none-eabi/10.3.1/../../../../arm-none-eabi/lib/thumb/v6-m/nofp/libc_nano.a(lib_a-nano-reallocr.o)
                0x0000000000006f60                _realloc_r
 *fill*         0x0000000000006fbe        0x2 
 .text._sbrk_r  0x0000000000006fc0       0x24 /home/pistaw/projects/nrf51822/toolchain/gcc-arm-none-eabi-10.3-2021.10/bin/../lib/gcc/arm-none-eabi/10.3.1/../../../../arm-none-eabi/lib/thumb/v6-m/nofp/libc_nano.a(lib_a-sbrkr.o)
                0x0000000000006fc0                _sbrk_r
 .text.__malloc_lock
                0x0000000000006fe4       0x10 /home/pistaw/projects/nrf51822/toolchain/gcc-arm-none-eabi-10.3-2021.10/bin/../lib/gcc/arm-none-eabi/10.3.1/../../../../arm-none-eabi/lib/thumb/v6-m/nofp/libc_nano.a(lib_a-mlock.o)
                0x0000000000006fe4                __malloc_lock
 .text.__malloc_unlock
                0x0000000000006ff4       0x10 /home/pistaw/projects/nrf51822/toolchain/gcc-arm-none-eabi-10.3-2021.10/bin/../lib/gcc/arm-none-eabi/10.3.1/../../../../arm-none-eabi/lib/thumb/v6-m/nofp/libc_nano.a(lib_a-mlock.o)
                0x0000000000006ff4                __malloc_unlock
 .text._malloc_usable_size_r
                0x0000000000007004       0x10 /home/pistaw/projects/nrf51822/toolchain/gcc-arm-none-eabi-10.3-2021.10/bin/../lib/gcc/arm-none-eabi/10.3.1/../../../../arm-none-eabi/lib/thumb/v6-m/nofp/libc_nano.a(lib_a-nano-msizer.o)
                0x0000000000007004                _malloc_usable_size_r
 .text.__retarget_lock_acquire_recursive
                0x0000000000007014        0x2 /home/pistaw/projects/nrf51822/toolchain/gcc-arm-none-eabi-10.3-2021.10/bin/../lib/gcc/arm-none-eabi/10.3.1/../../../../arm-none-eabi/lib/thumb/v6-m/nofp/libc_nano.a(lib_a-lock.o)
                0x0000000000007014                __retarget_lock_acquire_recursive
 .text.__retarget_lock_release_recursive
                0x0000000000007016        0x2 /home/pistaw/projects/nrf51822/toolchain/gcc-arm-none-eabi-10.3-2021.10/bin/../lib/gcc/arm-none-eabi/10.3.1/../../../../arm-none-eabi/lib/thumb/v6-m/nofp/libc_nano.a(lib_a-lock.o)
                0x0000000000007016                __retarget_lock_release_recursive
 .text          0x0000000000007018       0x14 /home/pistaw/projects/nrf51822/toolchain/gcc-arm-none-eabi-10.3-2021.10/bin/../lib/gcc/arm-none-eabi/10.3.1/thumb/v6-m/nofp/libgcc.a(_thumb1_case_shi.o)
                0x0000000000007018                __gnu_thumb1_case_shi
 .text._sbrk    0x000000000000702c       0x1c /home/pistaw/projects/nrf51822/toolchain/gcc-arm-none-eabi-10.3-2021.10/bin/../lib/gcc/arm-none-eabi/10.3.1/../../../../arm-none-eabi/lib/thumb/v6-m/nofp/libnosys.a(sbrk.o)
                0x000000000000702c                _sbrk
 *(.init)
 .init          0x0000000000007048        0x4 /home/pistaw/projects/nrf51822/toolchain/gcc-arm-none-eabi-10.3-2021.10/bin/../lib/gcc/arm-none-eabi/10.3.1/thumb/v6-m/nofp/crti.o
                0x0000000000007048                _init
 .init          0x000000000000704c        0x8 /home/pistaw/projects/nrf51822/toolchain/gcc-arm-none-eabi-10.3-2021.10/bin/../lib/gcc/arm-none-eabi/10.3.1/thumb/v6-m/nofp/crtn.o
 *(.fini)
 .fini          0x0000000000007054        0x4 /home/pistaw/projects/nrf51822/toolchain/gcc-arm-none-eabi-10.3-2021.10/bin/../lib/gcc/arm-none-eabi/10.3.1/thumb/v6-m/nofp/crti.o
                0x0000000000007054                _fini
 .fini          0x0000000000007058        0x8 /home/pistaw/projects/nrf51822/toolchain/gcc-arm-none-eabi-10.3-2021.10/bin/../lib/gcc/arm-none-eabi/10.3.1/thumb/v6-m/nofp/crtn.o
 *crtbegin.o(.ctors)
 *crtbegin?.o(.ctors)
 *(EXCLUDE_FILE(*crtend.o *crtend?.o) .ctors)
 *(SORT_BY_NAME(.ctors.*))
 *(.ctors)
 *crtbegin.o(.dtors)
 *crtbegin?.o(.dtors)
 *(EXCLUDE_FILE(*crtend.o *crtend?.o) .dtors)
 *(SORT_BY_NAME(.dtors.*))
 *(.dtors)
 *(.rodata*)
 .rodata._global_impure_ptr
                0x0000000000007060        0x4 /home/pistaw/projects/nrf51822/toolchain/gcc-arm-none-eabi-10.3-2021.10/bin/../lib/gcc/arm-none-eabi/10.3.1/../../../../arm-none-eabi/lib/thumb/v6-m/nofp/libc_nano.a(lib_a-impure.o)
                0x0000000000007060                _global_impure_ptr
 .rodata.nrf_log_backend_serial_std_handler.str1.4
                0x0000000000007064        0x7 _build/nrf51822_xxaa_nrf_log_backend_serial.c.o
 *fill*         0x000000000000706b        0x1 
 .rodata.nrf_log_backend_serial_std_handler
                0x000000000000706c       0x38 _build/nrf51822_xxaa_nrf_log_backend_serial.c.o
 .rodata.app_error_fault_handler.str1.4
                0x00000000000070a4       0x18 _build/nrf51822_xxaa_app_error_weak.c.o
 .rodata.spi_handler
                0x00000000000070bc       0x90 _build/nrf51822_xxaa_app_sdcard.c.o
 .rodata.m_spi  0x000000000000714c        0x8 _build/nrf51822_xxaa_app_sdcard.c.o
 .rodata.nrf_block_device_sdc_ops
                0x0000000000007154       0x18 _build/nrf51822_xxaa_nrf_block_dev_sdc.c.o
                0x0000000000007154                nrf_block_device_sdc_ops
 .rodata        0x000000000000716c       0x18 _build/nrf51822_xxaa_epaper.c.o
 .rodata.spi    0x0000000000007184        0x8 _build/nrf51822_xxaa_epaper.c.o
 .rodata.main.str1.4
                0x000000000000718c      0x1e5 _build/nrf51822_xxaa_main.c.o
                                        0x1ed (size before relaxing)
 *fill*         0x0000000000007371        0x3 
 .rodata.str1.4
                0x0000000000007374       0x11 _build/nrf51822_xxaa_main.c.o
 *fill*         0x0000000000007385        0x3 
 .rodata        0x0000000000007388       0x16 _build/nrf51822_xxaa_main.c.o
 *fill*         0x000000000000739e        0x2 
 .rodata.m_block_dev_sdc
                0x00000000000073a0       0x1c _build/nrf51822_xxaa_main.c.o
 .rodata.SEGGER_RTT_ReadNoLock.str1.4
                0x00000000000073bc       0x17 _build/nrf51822_xxaa_SEGGER_RTT.c.o
 *fill*         0x00000000000073d3        0x1 
 .rodata.follow_path.str1.4
                0x00000000000073d4        0xf _build/nrf51822_xxaa_ff.c.o
 .rodata._ctype_
                0x00000000000073e3      0x101 /home/pistaw/projects/nrf51822/toolchain/gcc-arm-none-eabi-10.3-2021.10/bin/../lib/gcc/arm-none-eabi/10.3.1/../../../../arm-none-eabi/lib/thumb/v6-m/nofp/libc_nano.a(lib_a-ctype_.o)
                0x00000000000073e3                _ctype_
 .rodata._svfprintf_r.str1.1
                0x00000000000074e4       0x11 /home/pistaw/projects/nrf51822/toolchain/gcc-arm-none-eabi-10.3-2021.10/bin/../lib/gcc/arm-none-eabi/10.3.1/../../../../arm-none-eabi/lib/thumb/v6-m/nofp/libc_nano.a(lib_a-nano-svfprintf.o)
 .rodata._printf_i.str1.1
                0x00000000000074f5       0x22 /home/pistaw/projects/nrf51822/toolchain/gcc-arm-none-eabi-10.3-2021.10/bin/../lib/gcc/arm-none-eabi/10.3.1/../../../../arm-none-eabi/lib/thumb/v6-m/nofp/libc_nano.a(lib_a-nano-vfprintf_i.o)
 *(.eh_frame*)
 *fill*         0x0000000000007517        0x1 
 .eh_frame      0x0000000000007518        0x0 /home/pistaw/projects/nrf51822/toolchain/gcc-arm-none-eabi-10.3-2021.10/bin/../lib/gcc/arm-none-eabi/10.3.1/thumb/v6-m/nofp/crtbegin.o
 .eh_frame      0x0000000000007518        0x4 /home/pistaw/projects/nrf51822/toolchain/gcc-arm-none-eabi-10.3-2021.10/bin/../lib/gcc/arm-none-eabi/10.3.1/thumb/v6-m/nofp/crtend.o

.glue_7         0x000000000000751c        0x0
 .glue_7        0x000000000000751c        0x0 linker stubs

.glue_7t        0x000000000000751c        0x0
 .glue_7t       0x000000000000751c        0x0 linker stubs

.vfp11_veneer   0x000000000000751c        0x0
 .vfp11_veneer  0x000000000000751c        0x0 linker stubs

.v4_bx          0x000000000000751c        0x0
 .v4_bx         0x000000000000751c        0x0 linker stubs

.iplt           0x000000000000751c        0x0
 .iplt          0x000000000000751c        0x0 /home/pistaw/projects/nrf51822/toolchain/gcc-arm-none-eabi-10.3-2021.10/bin/../lib/gcc/arm-none-eabi/10.3.1/thumb/v6-m/nofp/crtbegin.o

.ARM.extab
 *(.ARM.extab* .gnu.linkonce.armextab.*)
                0x000000000000751c                __exidx_start = .

.ARM.exidx      0x000000000000751c        0x8
 *(.ARM.exidx* .gnu.linkonce.armexidx.*)
 .ARM.exidx     0x000000000000751c        0x8 /home/pistaw/projects/nrf51822/toolchain/gcc-arm-none-eabi-10.3-2021.10/bin/../lib/gcc/arm-none-eabi/10.3.1/../../../../arm-none-eabi/lib/thumb/v6-m/nofp/crt0.o
                                         0x10 (size before relaxing)
                0x0000000000007524                __exidx_end = .
                0x0000000000007524                __etext = .

.rel.dyn        0x0000000000007524        0x0
 .rel.iplt      0x0000000000007524        0x0 /home/pistaw/projects/nrf51822/toolchain/gcc-arm-none-eabi-10.3-2021.10/bin/../lib/gcc/arm-none-eabi/10.3.1/thumb/v6-m/nofp/crtbegin.o

.data           0x0000000020000000       0x80 load address 0x0000000000007524
                0x0000000020000000                __data_start__ = .
 *(vtable)
 *(.data*)
 .data._impure_ptr
                0x0000000020000000        0x4 /home/pistaw/projects/nrf51822/toolchain/gcc-arm-none-eabi-10.3-2021.10/bin/../lib/gcc/arm-none-eabi/10.3.1/../../../../arm-none-eabi/lib/thumb/v6-m/nofp/libc_nano.a(lib_a-impure.o)
                0x0000000020000000                _impure_ptr
 .data.impure_data
                0x0000000020000004       0x60 /home/pistaw/projects/nrf51822/toolchain/gcc-arm-none-eabi-10.3-2021.10/bin/../lib/gcc/arm-none-eabi/10.3.1/../../../../arm-none-eabi/lib/thumb/v6-m/nofp/libc_nano.a(lib_a-impure.o)
 .data.spi_not_set
                0x0000000020000064        0x1 _build/nrf51822_xxaa_epaper.c.o
                0x0000000020000064                spi_not_set
 *fill*         0x0000000020000065        0x3 
 .data.drives.5
                0x0000000020000068        0xc _build/nrf51822_xxaa_main.c.o
 .data.SystemCoreClock
                0x0000000020000074        0x4 _build/nrf51822_xxaa_system_nrf51.c.o
                0x0000000020000074                SystemCoreClock
                0x0000000020000078                . = ALIGN (0x4)
                0x0000000020000078                PROVIDE (__preinit_array_start = .)
 *(.preinit_array)
                0x0000000020000078                PROVIDE (__preinit_array_end = .)
                0x0000000020000078                . = ALIGN (0x4)
                0x0000000020000078                PROVIDE (__init_array_start = .)
 *(SORT_BY_NAME(.init_array.*))
 *(.init_array)
 .init_array    0x0000000020000078        0x4 /home/pistaw/projects/nrf51822/toolchain/gcc-arm-none-eabi-10.3-2021.10/bin/../lib/gcc/arm-none-eabi/10.3.1/thumb/v6-m/nofp/crtbegin.o
                0x000000002000007c                PROVIDE (__init_array_end = .)
                0x000000002000007c                . = ALIGN (0x4)
                [!provide]                        PROVIDE (__fini_array_start = .)
 *(SORT_BY_NAME(.fini_array.*))
 *(.fini_array)
 .fini_array    0x000000002000007c        0x4 /home/pistaw/projects/nrf51822/toolchain/gcc-arm-none-eabi-10.3-2021.10/bin/../lib/gcc/arm-none-eabi/10.3.1/thumb/v6-m/nofp/crtbegin.o
                [!provide]                        PROVIDE (__fini_array_end = .)
 *(.jcr*)
                0x0000000020000080                . = ALIGN (0x4)
                0x0000000020000080                __data_end__ = .
LOAD /home/pistaw/projects/nrf51822/toolchain/gcc-arm-none-eabi-10.3-2021.10/bin/../lib/gcc/arm-none-eabi/10.3.1/thumb/v6-m/nofp/crti.o
LOAD /home/pistaw/projects/nrf51822/toolchain/gcc-arm-none-eabi-10.3-2021.10/bin/../lib/gcc/arm-none-eabi/10.3.1/thumb/v6-m/nofp/crtbegin.o
LOAD /home/pistaw/projects/nrf51822/toolchain/gcc-arm-none-eabi-10.3-2021.10/bin/../lib/gcc/arm-none-eabi/10.3.1/../../../../arm-none-eabi/lib/thumb/v6-m/nofp/crt0.o
LOAD /home/pistaw/projects/nrf51822/toolchain/gcc-arm-none-eabi-10.3-2021.10/bin/../lib/gcc/arm-none-eabi/10.3.1/../../../../arm-none-eabi/lib/thumb/v6-m/nofp/libc_nano.a
LOAD /home/pistaw/projects/nrf51822/toolchain/gcc-arm-none-eabi-10.3-2021.10/bin/../lib/gcc/arm-none-eabi/10.3.1/../../../../arm-none-eabi/lib/thumb/v6-m/nofp/libnosys.a
LOAD _build/nrf51822_xxaa_nrf_log_backend_serial.c.o
LOAD _build/nrf51822_xxaa_nrf_log_frontend.c.o
LOAD _build/nrf51822_xxaa_app_button.c.o
LOAD _build/nrf51822_xxaa_app_error.c.o
LOAD _build/nrf51822_xxaa_app_error_weak.c.o
LOAD _build/nrf51822_xxaa_app_timer.c.o
LOAD _build/nrf51822_xxaa_app_fifo.c.o
LOAD _build/nrf51822_xxaa_app_sdcard.c.o
LOAD _build/nrf51822_xxaa_app_uart_fifo.c.o
LOAD _build/nrf51822_xxaa_app_util_platform.c.o
LOAD _build/nrf51822_xxaa_hardfault_implementation.c.o
LOAD _build/nrf51822_xxaa_nrf_assert.c.o
LOAD _build/nrf51822_xxaa_nrf_block_dev_sdc.c.o
LOAD _build/nrf51822_xxaa_sdk_errors.c.o
LOAD _build/nrf51822_xxaa_boards.c.o
LOAD _build/nrf51822_xxaa_nrf_drv_clock.c.o
LOAD _build/nrf51822_xxaa_nrf_drv_common.c.o
LOAD _build/nrf51822_xxaa_nrf_drv_gpiote.c.o
LOAD _build/nrf51822_xxaa_nrf_drv_spi.c.o
LOAD _build/nrf51822_xxaa_nrf_drv_uart.c.o
LOAD _build/nrf51822_xxaa_nrf_nvic.c.o
LOAD _build/nrf51822_xxaa_nrf_soc.c.o
LOAD _build/nrf51822_xxaa_epaper.c.o
LOAD _build/nrf51822_xxaa_main.c.o
LOAD _build/nrf51822_xxaa_RTT_Syscalls_GCC.c.o
LOAD _build/nrf51822_xxaa_SEGGER_RTT.c.o
LOAD _build/nrf51822_xxaa_SEGGER_RTT_printf.c.o
LOAD _build/nrf51822_xxaa_diskio_blkdev.c.o
LOAD _build/nrf51822_xxaa_ff.c.o
LOAD _build/nrf51822_xxaa_gcc_startup_nrf51.S.o
LOAD _build/nrf51822_xxaa_system_nrf51.c.o
LOAD /home/pistaw/projects/nrf51822/toolchain/gcc-arm-none-eabi-10.3-2021.10/bin/../lib/gcc/arm-none-eabi/10.3.1/../../../../arm-none-eabi/lib/thumb/v6-m/nofp/libm.a
START GROUP
LOAD /home/pistaw/projects/nrf51822/toolchain/gcc-arm-none-eabi-10.3-2021.10/bin/../lib/gcc/arm-none-eabi/10.3.1/thumb/v6-m/nofp/libgcc.a
LOAD /home/pistaw/projects/nrf51822/toolchain/gcc-arm-none-eabi-10.3-2021.10/bin/../lib/gcc/arm-none-eabi/10.3.1/../../../../arm-none-eabi/lib/thumb/v6-m/nofp/libc_nano.a
END GROUP
START GROUP
LOAD /home/pistaw/projects/nrf51822/toolchain/gcc-arm-none-eabi-10.3-2021.10/bin/../lib/gcc/arm-none-eabi/10.3.1/thumb/v6-m/nofp/libgcc.a
LOAD /home/pistaw/projects/nrf51822/toolchain/gcc-arm-none-eabi-10.3-2021.10/bin/../lib/gcc/arm-none-eabi/10.3.1/../../../../arm-none-eabi/lib/thumb/v6-m/nofp/libc_nano.a
END GROUP
LOAD /home/pistaw/projects/nrf51822/toolchain/gcc-arm-none-eabi-10.3-2021.10/bin/../lib/gcc/arm-none-eabi/10.3.1/thumb/v6-m/nofp/crtend.o
LOAD /home/pistaw/projects/nrf51822/toolchain/gcc-arm-none-eabi-10.3-2021.10/bin/../lib/gcc/arm-none-eabi/10.3.1/thumb/v6-m/nofp/crtn.o
START GROUP
LOAD /home/pistaw/projects/nrf51822/toolchain/gcc-arm-none-eabi-10.3-2021.10/bin/../lib/gcc/arm-none-eabi/10.3.1/thumb/v6-m/nofp/libgcc.a
LOAD /home/pistaw/projects/nrf51822/toolchain/gcc-arm-none-eabi-10.3-2021.10/bin/../lib/gcc/arm-none-eabi/10.3.1/../../../../arm-none-eabi/lib/thumb/v6-m/nofp/libc.a
LOAD /home/pistaw/projects/nrf51822/toolchain/gcc-arm-none-eabi-10.3-2021.10/bin/../lib/gcc/arm-none-eabi/10.3.1/../../../../arm-none-eabi/lib/thumb/v6-m/nofp/libnosys.a
END GROUP

.igot.plt       0x0000000020000080        0x0 load address 0x00000000000075a4
 .igot.plt      0x0000000020000080        0x0 /home/pistaw/projects/nrf51822/toolchain/gcc-arm-none-eabi-10.3-2021.10/bin/../lib/gcc/arm-none-eabi/10.3.1/thumb/v6-m/nofp/crtbegin.o

.fs_data        0x0000000020000080        0x0
                [!provide]                        PROVIDE (__start_fs_data = .)
 *(.fs_data)
                [!provide]                        PROVIDE (__stop_fs_data = .)

.pwr_mgmt_data  0x0000000020000080        0x0
                [!provide]                        PROVIDE (__start_pwr_mgmt_data = .)
 *(.pwr_mgmt_data)
                [!provide]                        PROVIDE (__stop_pwr_mgmt_data = .)

.bss            0x0000000020000080      0xa2c load address 0x00000000000075a4
                0x0000000020000080                . = ALIGN (0x4)
                0x0000000020000080                __bss_start__ = .
 *(.bss*)
 .bss           0x0000000020000080       0x1c /home/pistaw/projects/nrf51822/toolchain/gcc-arm-none-eabi-10.3-2021.10/bin/../lib/gcc/arm-none-eabi/10.3.1/thumb/v6-m/nofp/crtbegin.o
 .bss.m_blocking_mode
                0x000000002000009c        0x1 _build/nrf51822_xxaa_nrf_log_backend_serial.c.o
 .bss.m_initialized
                0x000000002000009d        0x1 _build/nrf51822_xxaa_nrf_log_backend_serial.c.o
 *fill*         0x000000002000009e        0x2 
 .bss.m_log_data
                0x00000000200000a0       0x1c _build/nrf51822_xxaa_nrf_log_frontend.c.o
 .bss.m_cb      0x00000000200000bc       0x5c _build/nrf51822_xxaa_app_sdcard.c.o
 .bss.m_active_sdc_dev
                0x0000000020000118        0x4 _build/nrf51822_xxaa_nrf_block_dev_sdc.c.o
 .bss.m_last_result
                0x000000002000011c        0x1 _build/nrf51822_xxaa_nrf_block_dev_sdc.c.o
 *fill*         0x000000002000011d        0x3 
 .bss.m_cb      0x0000000020000120       0x40 _build/nrf51822_xxaa_nrf_drv_spi.c.o
 .bss.m_cb      0x0000000020000160       0x1c _build/nrf51822_xxaa_nrf_drv_uart.c.o
 .bss.spi_xfer_done
                0x000000002000017c        0x1 _build/nrf51822_xxaa_epaper.c.o
 *fill*         0x000000002000017d        0x3 
 .bss.dir.3     0x0000000020000180       0x30 _build/nrf51822_xxaa_main.c.o
 .bss.dj.2      0x00000000200001b0       0x30 _build/nrf51822_xxaa_main.c.o
 .bss.file.0    0x00000000200001e0      0x228 _build/nrf51822_xxaa_main.c.o
 .bss.fno2.1    0x0000000020000408       0x18 _build/nrf51822_xxaa_main.c.o
 .bss.fs.4      0x0000000020000420      0x234 _build/nrf51822_xxaa_main.c.o
 .bss.m_block_dev_sdc_work
                0x0000000020000654       0x1c _build/nrf51822_xxaa_main.c.o
 .bss.read_buf  0x0000000020000670      0x190 _build/nrf51822_xxaa_main.c.o
                0x0000000020000670                read_buf
 .bss._SEGGER_RTT
                0x0000000020000800       0x78 _build/nrf51822_xxaa_SEGGER_RTT.c.o
                0x0000000020000800                _SEGGER_RTT
 .bss._acDownBuffer
                0x0000000020000878       0x10 _build/nrf51822_xxaa_SEGGER_RTT.c.o
 .bss._acUpBuffer
                0x0000000020000888      0x200 _build/nrf51822_xxaa_SEGGER_RTT.c.o
 .bss.m_drives  0x0000000020000a88        0x4 _build/nrf51822_xxaa_diskio_blkdev.c.o
 .bss.m_drives_count
                0x0000000020000a8c        0x1 _build/nrf51822_xxaa_diskio_blkdev.c.o
 *fill*         0x0000000020000a8d        0x3 
 .bss.FatFs     0x0000000020000a90        0x4 _build/nrf51822_xxaa_ff.c.o
 .bss.Fsid      0x0000000020000a94        0x2 _build/nrf51822_xxaa_ff.c.o
 *fill*         0x0000000020000a96        0x2 
 .bss.__malloc_free_list
                0x0000000020000a98        0x4 /home/pistaw/projects/nrf51822/toolchain/gcc-arm-none-eabi-10.3-2021.10/bin/../lib/gcc/arm-none-eabi/10.3.1/../../../../arm-none-eabi/lib/thumb/v6-m/nofp/libc_nano.a(lib_a-nano-mallocr.o)
                0x0000000020000a98                __malloc_free_list
 .bss.__malloc_sbrk_start
                0x0000000020000a9c        0x4 /home/pistaw/projects/nrf51822/toolchain/gcc-arm-none-eabi-10.3-2021.10/bin/../lib/gcc/arm-none-eabi/10.3.1/../../../../arm-none-eabi/lib/thumb/v6-m/nofp/libc_nano.a(lib_a-nano-mallocr.o)
                0x0000000020000a9c                __malloc_sbrk_start
 .bss.errno     0x0000000020000aa0        0x4 /home/pistaw/projects/nrf51822/toolchain/gcc-arm-none-eabi-10.3-2021.10/bin/../lib/gcc/arm-none-eabi/10.3.1/../../../../arm-none-eabi/lib/thumb/v6-m/nofp/libc_nano.a(lib_a-reent.o)
                0x0000000020000aa0                errno
 .bss.__lock___malloc_recursive_mutex
                0x0000000020000aa4        0x1 /home/pistaw/projects/nrf51822/toolchain/gcc-arm-none-eabi-10.3-2021.10/bin/../lib/gcc/arm-none-eabi/10.3.1/../../../../arm-none-eabi/lib/thumb/v6-m/nofp/libc_nano.a(lib_a-lock.o)
                0x0000000020000aa4                __lock___malloc_recursive_mutex
 *fill*         0x0000000020000aa5        0x3 
 .bss.heap_end.0
                0x0000000020000aa8        0x4 /home/pistaw/projects/nrf51822/toolchain/gcc-arm-none-eabi-10.3-2021.10/bin/../lib/gcc/arm-none-eabi/10.3.1/../../../../arm-none-eabi/lib/thumb/v6-m/nofp/libnosys.a(sbrk.o)
 *(COMMON)
                0x0000000020000aac                . = ALIGN (0x4)
                0x0000000020000aac                __bss_end__ = .

.heap           0x0000000020000ab0      0x800
                0x0000000020000ab0                __HeapBase = .
                0x0000000020000ab0                __end__ = .
                0x0000000020000ab0                PROVIDE (end = .)
 *(.heap*)
 .heap          0x0000000020000ab0      0x800 _build/nrf51822_xxaa_gcc_startup_nrf51.S.o
                0x00000000200012b0                __HeapLimit = .

.stack_dummy    0x0000000020000ab0      0x800
 *(.stack*)
 .stack         0x0000000020000ab0      0x800 _build/nrf51822_xxaa_gcc_startup_nrf51.S.o
                0x0000000020004000                __StackTop = (ORIGIN (RAM) + LENGTH (RAM))
                0x0000000020003800                __StackLimit = (__StackTop - SIZEOF (.stack_dummy))
                0x0000000020004000                PROVIDE (__stack = __StackTop)
                0x0000000000000001                ASSERT ((__StackLimit >= __HeapLimit), region RAM overflowed with stack)
OUTPUT(_build/nrf51822_xxaa.out elf32-littlearm)
LOAD linker stubs

.ARM.attributes
                0x0000000000000000       0x28
 .ARM.attributes
                0x0000000000000000       0x1e /home/pistaw/projects/nrf51822/toolchain/gcc-arm-none-eabi-10.3-2021.10/bin/../lib/gcc/arm-none-eabi/10.3.1/thumb/v6-m/nofp/crti.o
 .ARM.attributes
                0x000000000000001e       0x2c /home/pistaw/projects/nrf51822/toolchain/gcc-arm-none-eabi-10.3-2021.10/bin/../lib/gcc/arm-none-eabi/10.3.1/thumb/v6-m/nofp/crtbegin.o
 .ARM.attributes
                0x000000000000004a       0x1b /home/pistaw/projects/nrf51822/toolchain/gcc-arm-none-eabi-10.3-2021.10/bin/../lib/gcc/arm-none-eabi/10.3.1/../../../../arm-none-eabi/lib/thumb/v6-m/nofp/crt0.o
 .ARM.attributes
                0x0000000000000065       0x2c /home/pistaw/projects/nrf51822/toolchain/gcc-arm-none-eabi-10.3-2021.10/bin/../lib/gcc/arm-none-eabi/10.3.1/../../../../arm-none-eabi/lib/thumb/v6-m/nofp/libc_nano.a(lib_a-exit.o)
 .ARM.attributes
                0x0000000000000091       0x2c /home/pistaw/projects/nrf51822/toolchain/gcc-arm-none-eabi-10.3-2021.10/bin/../lib/gcc/arm-none-eabi/10.3.1/../../../../arm-none-eabi/lib/thumb/v6-m/nofp/libc_nano.a(lib_a-impure.o)
 .ARM.attributes
                0x00000000000000bd       0x2c /home/pistaw/projects/nrf51822/toolchain/gcc-arm-none-eabi-10.3-2021.10/bin/../lib/gcc/arm-none-eabi/10.3.1/../../../../arm-none-eabi/lib/thumb/v6-m/nofp/libc_nano.a(lib_a-init.o)
 .ARM.attributes
                0x00000000000000e9       0x2c /home/pistaw/projects/nrf51822/toolchain/gcc-arm-none-eabi-10.3-2021.10/bin/../lib/gcc/arm-none-eabi/10.3.1/../../../../arm-none-eabi/lib/thumb/v6-m/nofp/libc_nano.a(lib_a-memset.o)
 .ARM.attributes
                0x0000000000000115       0x2c /home/pistaw/projects/nrf51822/toolchain/gcc-arm-none-eabi-10.3-2021.10/bin/../lib/gcc/arm-none-eabi/10.3.1/../../../../arm-none-eabi/lib/thumb/v6-m/nofp/libnosys.a(_exit.o)
 .ARM.attributes
                0x0000000000000141       0x2c _build/nrf51822_xxaa_nrf_log_backend_serial.c.o
 .ARM.attributes
                0x000000000000016d       0x2c _build/nrf51822_xxaa_nrf_log_frontend.c.o
 .ARM.attributes
                0x0000000000000199       0x2c _build/nrf51822_xxaa_app_error.c.o
 .ARM.attributes
                0x00000000000001c5       0x2c _build/nrf51822_xxaa_app_error_weak.c.o
 .ARM.attributes
                0x00000000000001f1       0x2c _build/nrf51822_xxaa_app_sdcard.c.o
 .ARM.attributes
                0x000000000000021d       0x2c _build/nrf51822_xxaa_nrf_block_dev_sdc.c.o
 .ARM.attributes
                0x0000000000000249       0x2c _build/nrf51822_xxaa_nrf_drv_common.c.o
 .ARM.attributes
                0x0000000000000275       0x2c _build/nrf51822_xxaa_nrf_drv_spi.c.o
 .ARM.attributes
                0x00000000000002a1       0x2c _build/nrf51822_xxaa_nrf_drv_uart.c.o
 .ARM.attributes
                0x00000000000002cd       0x2c _build/nrf51822_xxaa_epaper.c.o
 .ARM.attributes
                0x00000000000002f9       0x2c _build/nrf51822_xxaa_main.c.o
 .ARM.attributes
                0x0000000000000325       0x2c _build/nrf51822_xxaa_SEGGER_RTT.c.o
 .ARM.attributes
                0x0000000000000351       0x2c _build/nrf51822_xxaa_diskio_blkdev.c.o
 .ARM.attributes
                0x000000000000037d       0x2c _build/nrf51822_xxaa_ff.c.o
 .ARM.attributes
                0x00000000000003a9       0x1b _build/nrf51822_xxaa_gcc_startup_nrf51.S.o
 .ARM.attributes
                0x00000000000003c4       0x2c _build/nrf51822_xxaa_system_nrf51.c.o
 .ARM.attributes
                0x00000000000003f0       0x1e /home/pistaw/projects/nrf51822/toolchain/gcc-arm-none-eabi-10.3-2021.10/bin/../lib/gcc/arm-none-eabi/10.3.1/thumb/v6-m/nofp/libgcc.a(_udivsi3.o)
 .ARM.attributes
                0x000000000000040e       0x1e /home/pistaw/projects/nrf51822/toolchain/gcc-arm-none-eabi-10.3-2021.10/bin/../lib/gcc/arm-none-eabi/10.3.1/thumb/v6-m/nofp/libgcc.a(_dvmd_tls.o)
 .ARM.attributes
                0x000000000000042c       0x2c /home/pistaw/projects/nrf51822/toolchain/gcc-arm-none-eabi-10.3-2021.10/bin/../lib/gcc/arm-none-eabi/10.3.1/../../../../arm-none-eabi/lib/thumb/v6-m/nofp/libc_nano.a(lib_a-ctype_.o)
 .ARM.attributes
                0x0000000000000458       0x2c /home/pistaw/projects/nrf51822/toolchain/gcc-arm-none-eabi-10.3-2021.10/bin/../lib/gcc/arm-none-eabi/10.3.1/../../../../arm-none-eabi/lib/thumb/v6-m/nofp/libc_nano.a(lib_a-memcpy-stub.o)
 .ARM.attributes
                0x0000000000000484       0x2c /home/pistaw/projects/nrf51822/toolchain/gcc-arm-none-eabi-10.3-2021.10/bin/../lib/gcc/arm-none-eabi/10.3.1/../../../../arm-none-eabi/lib/thumb/v6-m/nofp/libc_nano.a(lib_a-snprintf.o)
 .ARM.attributes
                0x00000000000004b0       0x2c /home/pistaw/projects/nrf51822/toolchain/gcc-arm-none-eabi-10.3-2021.10/bin/../lib/gcc/arm-none-eabi/10.3.1/../../../../arm-none-eabi/lib/thumb/v6-m/nofp/libc_nano.a(lib_a-strcpy.o)
 .ARM.attributes
                0x00000000000004dc       0x1c /home/pistaw/projects/nrf51822/toolchain/gcc-arm-none-eabi-10.3-2021.10/bin/../lib/gcc/arm-none-eabi/10.3.1/../../../../arm-none-eabi/lib/thumb/v6-m/nofp/libc_nano.a(lib_a-strlen.o)
 .ARM.attributes
                0x00000000000004f8       0x2c /home/pistaw/projects/nrf51822/toolchain/gcc-arm-none-eabi-10.3-2021.10/bin/../lib/gcc/arm-none-eabi/10.3.1/../../../../arm-none-eabi/lib/thumb/v6-m/nofp/libc_nano.a(lib_a-strncat.o)
 .ARM.attributes
                0x0000000000000524       0x2c /home/pistaw/projects/nrf51822/toolchain/gcc-arm-none-eabi-10.3-2021.10/bin/../lib/gcc/arm-none-eabi/10.3.1/../../../../arm-none-eabi/lib/thumb/v6-m/nofp/libc_nano.a(lib_a-nano-svfprintf.o)
 .ARM.attributes
                0x0000000000000550       0x2c /home/pistaw/projects/nrf51822/toolchain/gcc-arm-none-eabi-10.3-2021.10/bin/../lib/gcc/arm-none-eabi/10.3.1/../../../../arm-none-eabi/lib/thumb/v6-m/nofp/libc_nano.a(lib_a-nano-vfprintf_i.o)
 .ARM.attributes
                0x000000000000057c       0x2c /home/pistaw/projects/nrf51822/toolchain/gcc-arm-none-eabi-10.3-2021.10/bin/../lib/gcc/arm-none-eabi/10.3.1/../../../../arm-none-eabi/lib/thumb/v6-m/nofp/libc_nano.a(lib_a-memchr-stub.o)
 .ARM.attributes
                0x00000000000005a8       0x2c /home/pistaw/projects/nrf51822/toolchain/gcc-arm-none-eabi-10.3-2021.10/bin/../lib/gcc/arm-none-eabi/10.3.1/../../../../arm-none-eabi/lib/thumb/v6-m/nofp/libc_nano.a(lib_a-memmove.o)
 .ARM.attributes
                0x00000000000005d4       0x2c /home/pistaw/projects/nrf51822/toolchain/gcc-arm-none-eabi-10.3-2021.10/bin/../lib/gcc/arm-none-eabi/10.3.1/../../../../arm-none-eabi/lib/thumb/v6-m/nofp/libc_nano.a(lib_a-nano-freer.o)
 .ARM.attributes
                0x0000000000000600       0x2c /home/pistaw/projects/nrf51822/toolchain/gcc-arm-none-eabi-10.3-2021.10/bin/../lib/gcc/arm-none-eabi/10.3.1/../../../../arm-none-eabi/lib/thumb/v6-m/nofp/libc_nano.a(lib_a-nano-mallocr.o)
 .ARM.attributes
                0x000000000000062c       0x2c /home/pistaw/projects/nrf51822/toolchain/gcc-arm-none-eabi-10.3-2021.10/bin/../lib/gcc/arm-none-eabi/10.3.1/../../../../arm-none-eabi/lib/thumb/v6-m/nofp/libc_nano.a(lib_a-nano-reallocr.o)
 .ARM.attributes
                0x0000000000000658       0x2c /home/pistaw/projects/nrf51822/toolchain/gcc-arm-none-eabi-10.3-2021.10/bin/../lib/gcc/arm-none-eabi/10.3.1/../../../../arm-none-eabi/lib/thumb/v6-m/nofp/libc_nano.a(lib_a-sbrkr.o)
 .ARM.attributes
                0x0000000000000684       0x2c /home/pistaw/projects/nrf51822/toolchain/gcc-arm-none-eabi-10.3-2021.10/bin/../lib/gcc/arm-none-eabi/10.3.1/../../../../arm-none-eabi/lib/thumb/v6-m/nofp/libc_nano.a(lib_a-mlock.o)
 .ARM.attributes
                0x00000000000006b0       0x2c /home/pistaw/projects/nrf51822/toolchain/gcc-arm-none-eabi-10.3-2021.10/bin/../lib/gcc/arm-none-eabi/10.3.1/../../../../arm-none-eabi/lib/thumb/v6-m/nofp/libc_nano.a(lib_a-nano-msizer.o)
 .ARM.attributes
                0x00000000000006dc       0x2c /home/pistaw/projects/nrf51822/toolchain/gcc-arm-none-eabi-10.3-2021.10/bin/../lib/gcc/arm-none-eabi/10.3.1/../../../../arm-none-eabi/lib/thumb/v6-m/nofp/libc_nano.a(lib_a-reent.o)
 .ARM.attributes
                0x0000000000000708       0x2c /home/pistaw/projects/nrf51822/toolchain/gcc-arm-none-eabi-10.3-2021.10/bin/../lib/gcc/arm-none-eabi/10.3.1/../../../../arm-none-eabi/lib/thumb/v6-m/nofp/libc_nano.a(lib_a-lock.o)
 .ARM.attributes
                0x0000000000000734       0x1e /home/pistaw/projects/nrf51822/toolchain/gcc-arm-none-eabi-10.3-2021.10/bin/../lib/gcc/arm-none-eabi/10.3.1/thumb/v6-m/nofp/libgcc.a(_thumb1_case_shi.o)
 .ARM.attributes
                0x0000000000000752       0x2c /home/pistaw/projects/nrf51822/toolchain/gcc-arm-none-eabi-10.3-2021.10/bin/../lib/gcc/arm-none-eabi/10.3.1/thumb/v6-m/nofp/crtend.o
 .ARM.attributes
                0x000000000000077e       0x1e /home/pistaw/projects/nrf51822/toolchain/gcc-arm-none-eabi-10.3-2021.10/bin/../lib/gcc/arm-none-eabi/10.3.1/thumb/v6-m/nofp/crtn.o
 .ARM.attributes
                0x000000000000079c       0x2c /home/pistaw/projects/nrf51822/toolchain/gcc-arm-none-eabi-10.3-2021.10/bin/../lib/gcc/arm-none-eabi/10.3.1/../../../../arm-none-eabi/lib/thumb/v6-m/nofp/libnosys.a(sbrk.o)

.comment        0x0000000000000000       0x49
 .comment       0x0000000000000000       0x49 _build/nrf51822_xxaa_nrf_log_backend_serial.c.o
                                         0x4a (size before relaxing)
 .comment       0x0000000000000049       0x4a _build/nrf51822_xxaa_nrf_log_frontend.c.o
 .comment       0x0000000000000049       0x4a _build/nrf51822_xxaa_app_error.c.o
 .comment       0x0000000000000049       0x4a _build/nrf51822_xxaa_app_error_weak.c.o
 .comment       0x0000000000000049       0x4a _build/nrf51822_xxaa_app_sdcard.c.o
 .comment       0x0000000000000049       0x4a _build/nrf51822_xxaa_nrf_block_dev_sdc.c.o
 .comment       0x0000000000000049       0x4a _build/nrf51822_xxaa_nrf_drv_common.c.o
 .comment       0x0000000000000049       0x4a _build/nrf51822_xxaa_nrf_drv_spi.c.o
 .comment       0x0000000000000049       0x4a _build/nrf51822_xxaa_nrf_drv_uart.c.o
 .comment       0x0000000000000049       0x4a _build/nrf51822_xxaa_epaper.c.o
 .comment       0x0000000000000049       0x4a _build/nrf51822_xxaa_main.c.o
 .comment       0x0000000000000049       0x4a _build/nrf51822_xxaa_SEGGER_RTT.c.o
 .comment       0x0000000000000049       0x4a _build/nrf51822_xxaa_diskio_blkdev.c.o
 .comment       0x0000000000000049       0x4a _build/nrf51822_xxaa_ff.c.o
 .comment       0x0000000000000049       0x4a _build/nrf51822_xxaa_system_nrf51.c.o

.debug_frame    0x0000000000000000     0x169c
 .debug_frame   0x0000000000000000       0x28 /home/pistaw/projects/nrf51822/toolchain/gcc-arm-none-eabi-10.3-2021.10/bin/../lib/gcc/arm-none-eabi/10.3.1/../../../../arm-none-eabi/lib/thumb/v6-m/nofp/libc_nano.a(lib_a-exit.o)
 .debug_frame   0x0000000000000028       0x2c /home/pistaw/projects/nrf51822/toolchain/gcc-arm-none-eabi-10.3-2021.10/bin/../lib/gcc/arm-none-eabi/10.3.1/../../../../arm-none-eabi/lib/thumb/v6-m/nofp/libc_nano.a(lib_a-init.o)
 .debug_frame   0x0000000000000054       0x20 /home/pistaw/projects/nrf51822/toolchain/gcc-arm-none-eabi-10.3-2021.10/bin/../lib/gcc/arm-none-eabi/10.3.1/../../../../arm-none-eabi/lib/thumb/v6-m/nofp/libc_nano.a(lib_a-memset.o)
 .debug_frame   0x0000000000000074       0x20 /home/pistaw/projects/nrf51822/toolchain/gcc-arm-none-eabi-10.3-2021.10/bin/../lib/gcc/arm-none-eabi/10.3.1/../../../../arm-none-eabi/lib/thumb/v6-m/nofp/libnosys.a(_exit.o)
 .debug_frame   0x0000000000000094       0xb8 _build/nrf51822_xxaa_nrf_log_backend_serial.c.o
 .debug_frame   0x000000000000014c      0x1b8 _build/nrf51822_xxaa_nrf_log_frontend.c.o
 .debug_frame   0x0000000000000304       0x5c _build/nrf51822_xxaa_app_error.c.o
 .debug_frame   0x0000000000000360       0x28 _build/nrf51822_xxaa_app_error_weak.c.o
 .debug_frame   0x0000000000000388       0xf8 _build/nrf51822_xxaa_app_sdcard.c.o
 .debug_frame   0x0000000000000480       0xf0 _build/nrf51822_xxaa_nrf_block_dev_sdc.c.o
 .debug_frame   0x0000000000000570       0x30 _build/nrf51822_xxaa_nrf_drv_common.c.o
 .debug_frame   0x00000000000005a0       0xe4 _build/nrf51822_xxaa_nrf_drv_spi.c.o
 .debug_frame   0x0000000000000684      0x14c _build/nrf51822_xxaa_nrf_drv_uart.c.o
 .debug_frame   0x00000000000007d0      0x1b4 _build/nrf51822_xxaa_epaper.c.o
 .debug_frame   0x0000000000000984       0x3c _build/nrf51822_xxaa_main.c.o
 .debug_frame   0x00000000000009c0      0x294 _build/nrf51822_xxaa_SEGGER_RTT.c.o
 .debug_frame   0x0000000000000c54       0xe8 _build/nrf51822_xxaa_diskio_blkdev.c.o
 .debug_frame   0x0000000000000d3c      0x4ec _build/nrf51822_xxaa_ff.c.o
 .debug_frame   0x0000000000001228       0x30 _build/nrf51822_xxaa_system_nrf51.c.o
 .debug_frame   0x0000000000001258       0x20 /home/pistaw/projects/nrf51822/toolchain/gcc-arm-none-eabi-10.3-2021.10/bin/../lib/gcc/arm-none-eabi/10.3.1/thumb/v6-m/nofp/libgcc.a(_udivsi3.o)
 .debug_frame   0x0000000000001278       0x28 /home/pistaw/projects/nrf51822/toolchain/gcc-arm-none-eabi-10.3-2021.10/bin/../lib/gcc/arm-none-eabi/10.3.1/../../../../arm-none-eabi/lib/thumb/v6-m/nofp/libc_nano.a(lib_a-memcpy-stub.o)
 .debug_frame   0x00000000000012a0       0x50 /home/pistaw/projects/nrf51822/toolchain/gcc-arm-none-eabi-10.3-2021.10/bin/../lib/gcc/arm-none-eabi/10.3.1/../../../../arm-none-eabi/lib/thumb/v6-m/nofp/libc_nano.a(lib_a-snprintf.o)
 .debug_frame   0x00000000000012f0       0x20 /home/pistaw/projects/nrf51822/toolchain/gcc-arm-none-eabi-10.3-2021.10/bin/../lib/gcc/arm-none-eabi/10.3.1/../../../../arm-none-eabi/lib/thumb/v6-m/nofp/libc_nano.a(lib_a-strcpy.o)
 .debug_frame   0x0000000000001310       0x28 /home/pistaw/projects/nrf51822/toolchain/gcc-arm-none-eabi-10.3-2021.10/bin/../lib/gcc/arm-none-eabi/10.3.1/../../../../arm-none-eabi/lib/thumb/v6-m/nofp/libc_nano.a(lib_a-strncat.o)
 .debug_frame   0x0000000000001338       0x74 /home/pistaw/projects/nrf51822/toolchain/gcc-arm-none-eabi-10.3-2021.10/bin/../lib/gcc/arm-none-eabi/10.3.1/../../../../arm-none-eabi/lib/thumb/v6-m/nofp/libc_nano.a(lib_a-nano-svfprintf.o)
 .debug_frame   0x00000000000013ac       0x54 /home/pistaw/projects/nrf51822/toolchain/gcc-arm-none-eabi-10.3-2021.10/bin/../lib/gcc/arm-none-eabi/10.3.1/../../../../arm-none-eabi/lib/thumb/v6-m/nofp/libc_nano.a(lib_a-nano-vfprintf_i.o)
 .debug_frame   0x0000000000001400       0x20 /home/pistaw/projects/nrf51822/toolchain/gcc-arm-none-eabi-10.3-2021.10/bin/../lib/gcc/arm-none-eabi/10.3.1/../../../../arm-none-eabi/lib/thumb/v6-m/nofp/libc_nano.a(lib_a-memchr-stub.o)
 .debug_frame   0x0000000000001420       0x28 /home/pistaw/projects/nrf51822/toolchain/gcc-arm-none-eabi-10.3-2021.10/bin/../lib/gcc/arm-none-eabi/10.3.1/../../../../arm-none-eabi/lib/thumb/v6-m/nofp/libc_nano.a(lib_a-memmove.o)
 .debug_frame   0x0000000000001448       0x2c /home/pistaw/projects/nrf51822/toolchain/gcc-arm-none-eabi-10.3-2021.10/bin/../lib/gcc/arm-none-eabi/10.3.1/../../../../arm-none-eabi/lib/thumb/v6-m/nofp/libc_nano.a(lib_a-nano-freer.o)
 .debug_frame   0x0000000000001474       0x50 /home/pistaw/projects/nrf51822/toolchain/gcc-arm-none-eabi-10.3-2021.10/bin/../lib/gcc/arm-none-eabi/10.3.1/../../../../arm-none-eabi/lib/thumb/v6-m/nofp/libc_nano.a(lib_a-nano-mallocr.o)
 .debug_frame   0x00000000000014c4       0x34 /home/pistaw/projects/nrf51822/toolchain/gcc-arm-none-eabi-10.3-2021.10/bin/../lib/gcc/arm-none-eabi/10.3.1/../../../../arm-none-eabi/lib/thumb/v6-m/nofp/libc_nano.a(lib_a-nano-reallocr.o)
 .debug_frame   0x00000000000014f8       0x2c /home/pistaw/projects/nrf51822/toolchain/gcc-arm-none-eabi-10.3-2021.10/bin/../lib/gcc/arm-none-eabi/10.3.1/../../../../arm-none-eabi/lib/thumb/v6-m/nofp/libc_nano.a(lib_a-sbrkr.o)
 .debug_frame   0x0000000000001524       0x40 /home/pistaw/projects/nrf51822/toolchain/gcc-arm-none-eabi-10.3-2021.10/bin/../lib/gcc/arm-none-eabi/10.3.1/../../../../arm-none-eabi/lib/thumb/v6-m/nofp/libc_nano.a(lib_a-mlock.o)
 .debug_frame   0x0000000000001564       0x20 /home/pistaw/projects/nrf51822/toolchain/gcc-arm-none-eabi-10.3-2021.10/bin/../lib/gcc/arm-none-eabi/10.3.1/../../../../arm-none-eabi/lib/thumb/v6-m/nofp/libc_nano.a(lib_a-nano-msizer.o)
 .debug_frame   0x0000000000001584       0x48 /home/pistaw/projects/nrf51822/toolchain/gcc-arm-none-eabi-10.3-2021.10/bin/../lib/gcc/arm-none-eabi/10.3.1/../../../../arm-none-eabi/lib/thumb/v6-m/nofp/libc_nano.a(lib_a-reent.o)
 .debug_frame   0x00000000000015cc       0xb0 /home/pistaw/projects/nrf51822/toolchain/gcc-arm-none-eabi-10.3-2021.10/bin/../lib/gcc/arm-none-eabi/10.3.1/../../../../arm-none-eabi/lib/thumb/v6-m/nofp/libc_nano.a(lib_a-lock.o)
 .debug_frame   0x000000000000167c       0x20 /home/pistaw/projects/nrf51822/toolchain/gcc-arm-none-eabi-10.3-2021.10/bin/../lib/gcc/arm-none-eabi/10.3.1/../../../../arm-none-eabi/lib/thumb/v6-m/nofp/libnosys.a(sbrk.o)

.debug_info     0x0000000000000000    0x22a37
 .debug_info    0x0000000000000000      0xb94 _build/nrf51822_xxaa_nrf_log_backend_serial.c.o
 .debug_info    0x0000000000000b94     0x1113 _build/nrf51822_xxaa_nrf_log_frontend.c.o
 .debug_info    0x0000000000001ca7      0x359 _build/nrf51822_xxaa_app_error.c.o
 .debug_info    0x0000000000002000      0x23a _build/nrf51822_xxaa_app_error_weak.c.o
 .debug_info    0x000000000000223a     0x4129 _build/nrf51822_xxaa_app_sdcard.c.o
 .debug_info    0x0000000000006363      0xbcf _build/nrf51822_xxaa_nrf_block_dev_sdc.c.o
 .debug_info    0x0000000000006f32      0x463 _build/nrf51822_xxaa_nrf_drv_common.c.o
 .debug_info    0x0000000000007395     0x2224 _build/nrf51822_xxaa_nrf_drv_spi.c.o
 .debug_info    0x00000000000095b9     0x32ce _build/nrf51822_xxaa_nrf_drv_uart.c.o
 .debug_info    0x000000000000c887     0xa58d _build/nrf51822_xxaa_epaper.c.o
 .debug_info    0x0000000000016e14     0x12e7 _build/nrf51822_xxaa_main.c.o
 .debug_info    0x00000000000180fb     0x2943 _build/nrf51822_xxaa_SEGGER_RTT.c.o
 .debug_info    0x000000000001aa3e      0xb1e _build/nrf51822_xxaa_diskio_blkdev.c.o
 .debug_info    0x000000000001b55c     0x72e0 _build/nrf51822_xxaa_ff.c.o
 .debug_info    0x000000000002283c      0x1fb _build/nrf51822_xxaa_system_nrf51.c.o

.debug_abbrev   0x0000000000000000     0x2cdc
 .debug_abbrev  0x0000000000000000      0x370 _build/nrf51822_xxaa_nrf_log_backend_serial.c.o
 .debug_abbrev  0x0000000000000370      0x307 _build/nrf51822_xxaa_nrf_log_frontend.c.o
 .debug_abbrev  0x0000000000000677      0x13b _build/nrf51822_xxaa_app_error.c.o
 .debug_abbrev  0x00000000000007b2      0x149 _build/nrf51822_xxaa_app_error_weak.c.o
 .debug_abbrev  0x00000000000008fb      0x4ef _build/nrf51822_xxaa_app_sdcard.c.o
 .debug_abbrev  0x0000000000000dea      0x287 _build/nrf51822_xxaa_nrf_block_dev_sdc.c.o
 .debug_abbrev  0x0000000000001071      0x194 _build/nrf51822_xxaa_nrf_drv_common.c.o
 .debug_abbrev  0x0000000000001205      0x3bd _build/nrf51822_xxaa_nrf_drv_spi.c.o
 .debug_abbrev  0x00000000000015c2      0x409 _build/nrf51822_xxaa_nrf_drv_uart.c.o
 .debug_abbrev  0x00000000000019cb      0x49a _build/nrf51822_xxaa_epaper.c.o
 .debug_abbrev  0x0000000000001e65      0x32c _build/nrf51822_xxaa_main.c.o
 .debug_abbrev  0x0000000000002191      0x32c _build/nrf51822_xxaa_SEGGER_RTT.c.o
 .debug_abbrev  0x00000000000024bd      0x363 _build/nrf51822_xxaa_diskio_blkdev.c.o
 .debug_abbrev  0x0000000000002820      0x398 _build/nrf51822_xxaa_ff.c.o
 .debug_abbrev  0x0000000000002bb8      0x124 _build/nrf51822_xxaa_system_nrf51.c.o

.debug_loc      0x0000000000000000    0x27442
 .debug_loc     0x0000000000000000     0x178c _build/nrf51822_xxaa_nrf_log_backend_serial.c.o
 .debug_loc     0x000000000000178c     0x1046 _build/nrf51822_xxaa_nrf_log_frontend.c.o
 .debug_loc     0x00000000000027d2      0x158 _build/nrf51822_xxaa_app_error.c.o
 .debug_loc     0x000000000000292a       0x6f _build/nrf51822_xxaa_app_error_weak.c.o
 .debug_loc     0x0000000000002999     0x42f8 _build/nrf51822_xxaa_app_sdcard.c.o
 .debug_loc     0x0000000000006c91      0x892 _build/nrf51822_xxaa_nrf_block_dev_sdc.c.o
 .debug_loc     0x0000000000007523       0xd2 _build/nrf51822_xxaa_nrf_drv_common.c.o
 .debug_loc     0x00000000000075f5     0x1b84 _build/nrf51822_xxaa_nrf_drv_spi.c.o
 .debug_loc     0x0000000000009179     0x1fe5 _build/nrf51822_xxaa_nrf_drv_uart.c.o
 .debug_loc     0x000000000000b15e     0x7064 _build/nrf51822_xxaa_epaper.c.o
 .debug_loc     0x00000000000121c2      0x298 _build/nrf51822_xxaa_main.c.o
 .debug_loc     0x000000000001245a     0x5b68 _build/nrf51822_xxaa_SEGGER_RTT.c.o
 .debug_loc     0x0000000000017fc2      0x5b2 _build/nrf51822_xxaa_diskio_blkdev.c.o
 .debug_loc     0x0000000000018574     0xeece _build/nrf51822_xxaa_ff.c.o

.debug_aranges  0x0000000000000000      0x5a0
 .debug_aranges
                0x0000000000000000       0x48 _build/nrf51822_xxaa_nrf_log_backend_serial.c.o
 .debug_aranges
                0x0000000000000048       0x98 _build/nrf51822_xxaa_nrf_log_frontend.c.o
 .debug_aranges
                0x00000000000000e0       0x30 _build/nrf51822_xxaa_app_error.c.o
 .debug_aranges
                0x0000000000000110       0x20 _build/nrf51822_xxaa_app_error_weak.c.o
 .debug_aranges
                0x0000000000000130       0x58 _build/nrf51822_xxaa_app_sdcard.c.o
 .debug_aranges
                0x0000000000000188       0x50 _build/nrf51822_xxaa_nrf_block_dev_sdc.c.o
 .debug_aranges
                0x00000000000001d8       0x20 _build/nrf51822_xxaa_nrf_drv_common.c.o
 .debug_aranges
                0x00000000000001f8       0x48 _build/nrf51822_xxaa_nrf_drv_spi.c.o
 .debug_aranges
                0x0000000000000240       0x70 _build/nrf51822_xxaa_nrf_drv_uart.c.o
 .debug_aranges
                0x00000000000002b0       0x80 _build/nrf51822_xxaa_epaper.c.o
 .debug_aranges
                0x0000000000000330       0x20 _build/nrf51822_xxaa_main.c.o
 .debug_aranges
                0x0000000000000350       0xa0 _build/nrf51822_xxaa_SEGGER_RTT.c.o
 .debug_aranges
                0x00000000000003f0       0x60 _build/nrf51822_xxaa_diskio_blkdev.c.o
 .debug_aranges
                0x0000000000000450      0x128 _build/nrf51822_xxaa_ff.c.o
 .debug_aranges
                0x0000000000000578       0x28 _build/nrf51822_xxaa_system_nrf51.c.o

.debug_ranges   0x0000000000000000     0x99f8
 .debug_ranges  0x0000000000000000      0x1c0 _build/nrf51822_xxaa_nrf_log_backend_serial.c.o
 .debug_ranges  0x00000000000001c0      0x208 _build/nrf51822_xxaa_nrf_log_frontend.c.o
 .debug_ranges  0x00000000000003c8       0x20 _build/nrf51822_xxaa_app_error.c.o
 .debug_ranges  0x00000000000003e8       0x10 _build/nrf51822_xxaa_app_error_weak.c.o
 .debug_ranges  0x00000000000003f8     0x15d8 _build/nrf51822_xxaa_app_sdcard.c.o
 .debug_ranges  0x00000000000019d0       0x58 _build/nrf51822_xxaa_nrf_block_dev_sdc.c.o
 .debug_ranges  0x0000000000001a28       0x48 _build/nrf51822_xxaa_nrf_drv_common.c.o
 .debug_ranges  0x0000000000001a70      0x820 _build/nrf51822_xxaa_nrf_drv_spi.c.o
 .debug_ranges  0x0000000000002290      0x960 _build/nrf51822_xxaa_nrf_drv_uart.c.o
 .debug_ranges  0x0000000000002bf0     0x4cd0 _build/nrf51822_xxaa_epaper.c.o
 .debug_ranges  0x00000000000078c0      0x108 _build/nrf51822_xxaa_main.c.o
 .debug_ranges  0x00000000000079c8      0x688 _build/nrf51822_xxaa_SEGGER_RTT.c.o
 .debug_ranges  0x0000000000008050       0xb8 _build/nrf51822_xxaa_diskio_blkdev.c.o
 .debug_ranges  0x0000000000008108     0x1888 _build/nrf51822_xxaa_ff.c.o
 .debug_ranges  0x0000000000009990       0x68 _build/nrf51822_xxaa_system_nrf51.c.o

.debug_macro    0x0000000000000000     0xd5e5
 .debug_macro   0x0000000000000000      0x2dd _build/nrf51822_xxaa_nrf_log_backend_serial.c.o
 .debug_macro   0x00000000000002dd      0xa54 _build/nrf51822_xxaa_nrf_log_backend_serial.c.o
 .debug_macro   0x0000000000000d31       0x22 _build/nrf51822_xxaa_nrf_log_backend_serial.c.o
 .debug_macro   0x0000000000000d53       0x56 _build/nrf51822_xxaa_nrf_log_backend_serial.c.o
 .debug_macro   0x0000000000000da9       0x51 _build/nrf51822_xxaa_nrf_log_backend_serial.c.o
 .debug_macro   0x0000000000000dfa      0x103 _build/nrf51822_xxaa_nrf_log_backend_serial.c.o
 .debug_macro   0x0000000000000efd       0x6a _build/nrf51822_xxaa_nrf_log_backend_serial.c.o
 .debug_macro   0x0000000000000f67      0x1df _build/nrf51822_xxaa_nrf_log_backend_serial.c.o
 .debug_macro   0x0000000000001146       0x22 _build/nrf51822_xxaa_nrf_log_backend_serial.c.o
 .debug_macro   0x0000000000001168       0x64 _build/nrf51822_xxaa_nrf_log_backend_serial.c.o
 .debug_macro   0x00000000000011cc       0x18 _build/nrf51822_xxaa_nrf_log_backend_serial.c.o
 .debug_macro   0x00000000000011e4       0x35 _build/nrf51822_xxaa_nrf_log_backend_serial.c.o
 .debug_macro   0x0000000000001219       0x34 _build/nrf51822_xxaa_nrf_log_backend_serial.c.o
 .debug_macro   0x000000000000124d      0x16d _build/nrf51822_xxaa_nrf_log_backend_serial.c.o
 .debug_macro   0x00000000000013ba       0x16 _build/nrf51822_xxaa_nrf_log_backend_serial.c.o
 .debug_macro   0x00000000000013d0       0x43 _build/nrf51822_xxaa_nrf_log_backend_serial.c.o
 .debug_macro   0x0000000000001413       0x34 _build/nrf51822_xxaa_nrf_log_backend_serial.c.o
 .debug_macro   0x0000000000001447       0x10 _build/nrf51822_xxaa_nrf_log_backend_serial.c.o
 .debug_macro   0x0000000000001457       0x58 _build/nrf51822_xxaa_nrf_log_backend_serial.c.o
 .debug_macro   0x00000000000014af      0x182 _build/nrf51822_xxaa_nrf_log_backend_serial.c.o
 .debug_macro   0x0000000000001631      0x35d _build/nrf51822_xxaa_nrf_log_backend_serial.c.o
 .debug_macro   0x000000000000198e       0x10 _build/nrf51822_xxaa_nrf_log_backend_serial.c.o
 .debug_macro   0x000000000000199e       0x35 _build/nrf51822_xxaa_nrf_log_backend_serial.c.o
 .debug_macro   0x00000000000019d3      0x129 _build/nrf51822_xxaa_nrf_log_backend_serial.c.o
 .debug_macro   0x0000000000001afc      0x16d _build/nrf51822_xxaa_nrf_log_backend_serial.c.o
 .debug_macro   0x0000000000001c69       0x2e _build/nrf51822_xxaa_nrf_log_backend_serial.c.o
 .debug_macro   0x0000000000001c97       0x22 _build/nrf51822_xxaa_nrf_log_backend_serial.c.o
 .debug_macro   0x0000000000001cb9       0x8e _build/nrf51822_xxaa_nrf_log_backend_serial.c.o
 .debug_macro   0x0000000000001d47       0xa3 _build/nrf51822_xxaa_nrf_log_backend_serial.c.o
 .debug_macro   0x0000000000001dea       0x1c _build/nrf51822_xxaa_nrf_log_backend_serial.c.o
 .debug_macro   0x0000000000001e06       0x22 _build/nrf51822_xxaa_nrf_log_backend_serial.c.o
 .debug_macro   0x0000000000001e28       0x3a _build/nrf51822_xxaa_nrf_log_backend_serial.c.o
 .debug_macro   0x0000000000001e62       0x26 _build/nrf51822_xxaa_nrf_log_backend_serial.c.o
 .debug_macro   0x0000000000001e88      0x30d _build/nrf51822_xxaa_nrf_log_backend_serial.c.o
 .debug_macro   0x0000000000002195      0x1b6 _build/nrf51822_xxaa_nrf_log_backend_serial.c.o
 .debug_macro   0x000000000000234b     0x6504 _build/nrf51822_xxaa_nrf_log_backend_serial.c.o
 .debug_macro   0x000000000000884f      0x97c _build/nrf51822_xxaa_nrf_log_backend_serial.c.o
 .debug_macro   0x00000000000091cb      0x395 _build/nrf51822_xxaa_nrf_log_backend_serial.c.o
 .debug_macro   0x0000000000009560       0x4b _build/nrf51822_xxaa_nrf_log_backend_serial.c.o
 .debug_macro   0x00000000000095ab       0x1c _build/nrf51822_xxaa_nrf_log_backend_serial.c.o
 .debug_macro   0x00000000000095c7       0x10 _build/nrf51822_xxaa_nrf_log_backend_serial.c.o
 .debug_macro   0x00000000000095d7       0xbe _build/nrf51822_xxaa_nrf_log_backend_serial.c.o
 .debug_macro   0x0000000000009695       0x16 _build/nrf51822_xxaa_nrf_log_backend_serial.c.o
 .debug_macro   0x00000000000096ab      0x129 _build/nrf51822_xxaa_nrf_log_backend_serial.c.o
 .debug_macro   0x00000000000097d4       0x2b _build/nrf51822_xxaa_nrf_log_backend_serial.c.o
 .debug_macro   0x00000000000097ff       0x10 _build/nrf51822_xxaa_nrf_log_backend_serial.c.o
 .debug_macro   0x000000000000980f       0x72 _build/nrf51822_xxaa_nrf_log_backend_serial.c.o
 .debug_macro   0x0000000000009881       0x22 _build/nrf51822_xxaa_nrf_log_backend_serial.c.o
 .debug_macro   0x00000000000098a3       0x22 _build/nrf51822_xxaa_nrf_log_backend_serial.c.o
 .debug_macro   0x00000000000098c5       0x52 _build/nrf51822_xxaa_nrf_log_backend_serial.c.o
 .debug_macro   0x0000000000009917       0xa2 _build/nrf51822_xxaa_nrf_log_backend_serial.c.o
 .debug_macro   0x00000000000099b9       0x3a _build/nrf51822_xxaa_nrf_log_backend_serial.c.o
 .debug_macro   0x00000000000099f3      0x114 _build/nrf51822_xxaa_nrf_log_backend_serial.c.o
 .debug_macro   0x0000000000009b07      0x2ec _build/nrf51822_xxaa_nrf_log_frontend.c.o
 .debug_macro   0x0000000000009df3       0x22 _build/nrf51822_xxaa_nrf_log_frontend.c.o
 .debug_macro   0x0000000000009e15      0x16a _build/nrf51822_xxaa_nrf_log_frontend.c.o
 .debug_macro   0x0000000000009f7f       0x5a _build/nrf51822_xxaa_nrf_log_frontend.c.o
 .debug_macro   0x0000000000009fd9       0x28 _build/nrf51822_xxaa_nrf_log_frontend.c.o
 .debug_macro   0x000000000000a001      0x2a2 _build/nrf51822_xxaa_app_error.c.o
 .debug_macro   0x000000000000a2a3       0x34 _build/nrf51822_xxaa_app_error.c.o
 .debug_macro   0x000000000000a2d7       0x22 _build/nrf51822_xxaa_app_error.c.o
 .debug_macro   0x000000000000a2f9       0x16 _build/nrf51822_xxaa_app_error.c.o
 .debug_macro   0x000000000000a30f       0x97 _build/nrf51822_xxaa_app_error.c.o
 .debug_macro   0x000000000000a3a6       0xf6 _build/nrf51822_xxaa_app_error.c.o
 .debug_macro   0x000000000000a49c       0x16 _build/nrf51822_xxaa_app_error.c.o
 .debug_macro   0x000000000000a4b2      0x39b _build/nrf51822_xxaa_app_error.c.o
 .debug_macro   0x000000000000a84d      0x164 _build/nrf51822_xxaa_app_error.c.o
 .debug_macro   0x000000000000a9b1       0x16 _build/nrf51822_xxaa_app_error.c.o
 .debug_macro   0x000000000000a9c7      0x2a2 _build/nrf51822_xxaa_app_error_weak.c.o
 .debug_macro   0x000000000000ac69       0x1c _build/nrf51822_xxaa_app_error_weak.c.o
 .debug_macro   0x000000000000ac85      0x46a _build/nrf51822_xxaa_app_sdcard.c.o
 .debug_macro   0x000000000000b0ef       0x10 _build/nrf51822_xxaa_app_sdcard.c.o
 .debug_macro   0x000000000000b0ff      0x168 _build/nrf51822_xxaa_app_sdcard.c.o
 .debug_macro   0x000000000000b267       0x16 _build/nrf51822_xxaa_app_sdcard.c.o
 .debug_macro   0x000000000000b27d       0x86 _build/nrf51822_xxaa_app_sdcard.c.o
 .debug_macro   0x000000000000b303       0x22 _build/nrf51822_xxaa_app_sdcard.c.o
 .debug_macro   0x000000000000b325       0x73 _build/nrf51822_xxaa_app_sdcard.c.o
 .debug_macro   0x000000000000b398      0x29a _build/nrf51822_xxaa_nrf_block_dev_sdc.c.o
 .debug_macro   0x000000000000b632       0x1f _build/nrf51822_xxaa_nrf_block_dev_sdc.c.o
 .debug_macro   0x000000000000b651       0x10 _build/nrf51822_xxaa_nrf_block_dev_sdc.c.o
 .debug_macro   0x000000000000b661      0x28d _build/nrf51822_xxaa_nrf_drv_common.c.o
 .debug_macro   0x000000000000b8ee       0x22 _build/nrf51822_xxaa_nrf_drv_common.c.o
 .debug_macro   0x000000000000b910      0x372 _build/nrf51822_xxaa_nrf_drv_spi.c.o
 .debug_macro   0x000000000000bc82       0x16 _build/nrf51822_xxaa_nrf_drv_spi.c.o
 .debug_macro   0x000000000000bc98      0x348 _build/nrf51822_xxaa_nrf_drv_uart.c.o
 .debug_macro   0x000000000000bfe0       0x28 _build/nrf51822_xxaa_nrf_drv_uart.c.o
 .debug_macro   0x000000000000c008      0x305 _build/nrf51822_xxaa_epaper.c.o
 .debug_macro   0x000000000000c30d       0x10 _build/nrf51822_xxaa_epaper.c.o
 .debug_macro   0x000000000000c31d       0x82 _build/nrf51822_xxaa_epaper.c.o
 .debug_macro   0x000000000000c39f      0x3f1 _build/nrf51822_xxaa_main.c.o
 .debug_macro   0x000000000000c790       0x1c _build/nrf51822_xxaa_main.c.o
 .debug_macro   0x000000000000c7ac       0xe9 _build/nrf51822_xxaa_main.c.o
 .debug_macro   0x000000000000c895       0xe0 _build/nrf51822_xxaa_main.c.o
 .debug_macro   0x000000000000c975       0x94 _build/nrf51822_xxaa_main.c.o
 .debug_macro   0x000000000000ca09      0x26b _build/nrf51822_xxaa_SEGGER_RTT.c.o
 .debug_macro   0x000000000000cc74       0x34 _build/nrf51822_xxaa_SEGGER_RTT.c.o
 .debug_macro   0x000000000000cca8      0x292 _build/nrf51822_xxaa_diskio_blkdev.c.o
 .debug_macro   0x000000000000cf3a       0x8e _build/nrf51822_xxaa_diskio_blkdev.c.o
 .debug_macro   0x000000000000cfc8      0x457 _build/nrf51822_xxaa_ff.c.o
 .debug_macro   0x000000000000d41f       0xe7 _build/nrf51822_xxaa_ff.c.o
 .debug_macro   0x000000000000d506       0xdf _build/nrf51822_xxaa_system_nrf51.c.o

.debug_line     0x0000000000000000    0x1cdfe
 .debug_line    0x0000000000000000     0x11f6 _build/nrf51822_xxaa_nrf_log_backend_serial.c.o
 .debug_line    0x00000000000011f6      0xd70 _build/nrf51822_xxaa_nrf_log_frontend.c.o
 .debug_line    0x0000000000001f66      0x88b _build/nrf51822_xxaa_app_error.c.o
 .debug_line    0x00000000000027f1      0x7b3 _build/nrf51822_xxaa_app_error_weak.c.o
 .debug_line    0x0000000000002fa4     0x2d1b _build/nrf51822_xxaa_app_sdcard.c.o
 .debug_line    0x0000000000005cbf      0xbf0 _build/nrf51822_xxaa_nrf_block_dev_sdc.c.o
 .debug_line    0x00000000000068af      0x830 _build/nrf51822_xxaa_nrf_drv_common.c.o
 .debug_line    0x00000000000070df     0x1862 _build/nrf51822_xxaa_nrf_drv_spi.c.o
 .debug_line    0x0000000000008941     0x1cc3 _build/nrf51822_xxaa_nrf_drv_uart.c.o
 .debug_line    0x000000000000a604     0x662e _build/nrf51822_xxaa_epaper.c.o
 .debug_line    0x0000000000010c32      0xf20 _build/nrf51822_xxaa_main.c.o
 .debug_line    0x0000000000011b52     0x2bf9 _build/nrf51822_xxaa_SEGGER_RTT.c.o
 .debug_line    0x000000000001474b      0xcb3 _build/nrf51822_xxaa_diskio_blkdev.c.o
 .debug_line    0x00000000000153fe     0x74ef _build/nrf51822_xxaa_ff.c.o
 .debug_line    0x000000000001c8ed      0x511 _build/nrf51822_xxaa_system_nrf51.c.o

.debug_str      0x0000000000000000    0x3c9a0
 .debug_str     0x0000000000000000    0x33503 _build/nrf51822_xxaa_nrf_log_backend_serial.c.o
                                      0x3378f (size before relaxing)
 .debug_str     0x0000000000033503     0x1c3a _build/nrf51822_xxaa_nrf_log_frontend.c.o
                                      0x34427 (size before relaxing)
 .debug_str     0x000000000003513d      0x146 _build/nrf51822_xxaa_app_error.c.o
                                      0x33e06 (size before relaxing)
 .debug_str     0x0000000000035283       0xd7 _build/nrf51822_xxaa_app_error_weak.c.o
                                      0x33d6a (size before relaxing)
 .debug_str     0x000000000003535a     0x2504 _build/nrf51822_xxaa_app_sdcard.c.o
                                      0x31628 (size before relaxing)
 .debug_str     0x000000000003785e      0x7cf _build/nrf51822_xxaa_nrf_block_dev_sdc.c.o
                                      0x32ec4 (size before relaxing)
 .debug_str     0x000000000003802d      0x23c _build/nrf51822_xxaa_nrf_drv_common.c.o
                                      0x32bd6 (size before relaxing)
 .debug_str     0x0000000000038269      0x470 _build/nrf51822_xxaa_nrf_drv_spi.c.o
                                      0x3545b (size before relaxing)
 .debug_str     0x00000000000386d9      0xe90 _build/nrf51822_xxaa_nrf_drv_uart.c.o
                                      0x3576e (size before relaxing)
 .debug_str     0x0000000000039569      0x335 _build/nrf51822_xxaa_epaper.c.o
                                      0x34f4e (size before relaxing)
 .debug_str     0x000000000003989e     0x1c8f _build/nrf51822_xxaa_main.c.o
                                      0x36f58 (size before relaxing)
 .debug_str     0x000000000003b52d      0x415 _build/nrf51822_xxaa_SEGGER_RTT.c.o
                                      0x2fb8e (size before relaxing)
 .debug_str     0x000000000003b942      0x1b0 _build/nrf51822_xxaa_diskio_blkdev.c.o
                                      0x32b78 (size before relaxing)
 .debug_str     0x000000000003baf2      0xd65 _build/nrf51822_xxaa_ff.c.o
                                       0x42fe (size before relaxing)
 .debug_str     0x000000000003c857      0x149 _build/nrf51822_xxaa_system_nrf51.c.o
                                      0x2a6f5 (size before relaxing)
